Archive member included to satisfy reference by file (symbol)

/usr/lib/gcc/avr/4.9.2/avr51/libgcc.a(_divmodhi4.o)
                              lab4.o (__divmodhi4)
/usr/lib/gcc/avr/4.9.2/avr51/libgcc.a(_divmodsi4.o)
                              hd44780.o (__divmodsi4)
/usr/lib/gcc/avr/4.9.2/avr51/libgcc.a(_negsi2.o)
                              /usr/lib/gcc/avr/4.9.2/avr51/libgcc.a(_divmodsi4.o) (__negsi2)
/usr/lib/gcc/avr/4.9.2/avr51/libgcc.a(_exit.o)
                              /usr/lib/gcc/avr/4.9.2/../../../avr/lib/avr51/crtatmega128.o (exit)
/usr/lib/gcc/avr/4.9.2/avr51/libgcc.a(_tablejump2.o)
                              twi_master.o (__tablejump2__)
/usr/lib/gcc/avr/4.9.2/avr51/libgcc.a(_copy_data.o)
                              lab4.o (__do_copy_data)
/usr/lib/gcc/avr/4.9.2/avr51/libgcc.a(_clear_bss.o)
                              lab4.o (__do_clear_bss)
/usr/lib/gcc/avr/4.9.2/avr51/libgcc.a(_umulhisi3.o)
                              lab4.o (__umulhisi3)
/usr/lib/gcc/avr/4.9.2/avr51/libgcc.a(_udivmodhi4.o)
                              /usr/lib/gcc/avr/4.9.2/avr51/libgcc.a(_divmodhi4.o) (__udivmodhi4)
/usr/lib/gcc/avr/4.9.2/avr51/libgcc.a(_udivmodsi4.o)
                              /usr/lib/gcc/avr/4.9.2/avr51/libgcc.a(_divmodsi4.o) (__udivmodsi4)
/usr/lib/gcc/avr/4.9.2/../../../avr/lib/avr51/libc.a(strcmp.o)
                              lab4.o (strcmp)
/usr/lib/gcc/avr/4.9.2/../../../avr/lib/avr51/libc.a(strcpy.o)
                              lab4.o (strcpy)
/usr/lib/gcc/avr/4.9.2/../../../avr/lib/avr51/libc.a(itoa_ncheck.o)
                              lab4.o (__itoa_ncheck)
/usr/lib/gcc/avr/4.9.2/../../../avr/lib/avr51/libc.a(utoa_ncheck.o)
                              /usr/lib/gcc/avr/4.9.2/../../../avr/lib/avr51/libc.a(itoa_ncheck.o) (__utoa_common)
/usr/lib/gcc/avr/4.9.2/../../../avr/lib/avr51/libc.a(strrev.o)
                              /usr/lib/gcc/avr/4.9.2/../../../avr/lib/avr51/libc.a(utoa_ncheck.o) (strrev)

Allocating common symbols
Common symbol       size              file

lcd_now             0x10              lab4.o
tmp                 0x2               lab4.o
edit_minutes        0x1               lab4.o
rcv_rdy             0x1               lab4.o
uart_tx_buf         0x28              uart_functions.o
twi_state           0x1               twi_master.o
notes               0x1               lab4.o
twi_buf             0x2               twi_master.o
uart1_tx_buf        0x28              uart_functions.o
song                0x1               lab4.o
lcd_string_array    0x20              hd44780.o
lm73_wr_buf         0x2               lm73_functions.o
lm73_temp           0x2               lab4.o
max_beat            0x2               lab4.o
alarm               0x1               lab4.o
twi_bus_addr        0x1               twi_master.o
lcd_str_l           0x5               lab4.o
beat                0x2               lab4.o
i                   0x1               lab4.o
lcd_str             0x10              hd44780.o
lcd_string          0x3               lab4.o
spdr_to_encoder     0x2               lab4.o
twi_msg_size        0x1               twi_master.o
uart1_rx_buf        0x28              uart_functions.o
lcd_str_array       0x5               lab4.o
fp_low_result       0x4               lab4.o
lm73_rd_buf         0x2               lm73_functions.o
uart_rx_buf         0x28              uart_functions.o
cur_value           0x1               lab4.o
lcd_str_h           0x5               lab4.o
lcd_old             0x10              lab4.o
edit_hour           0x1               lab4.o
rx_char             0x1               lab4.o
fp_adc_result       0x4               lab4.o

Memory Configuration

Name             Origin             Length             Attributes
text             0x0000000000000000 0x0000000000020000 xr
data             0x0000000000800100 0x000000000000ff00 rw !x
eeprom           0x0000000000810000 0x0000000000010000 rw !x
fuse             0x0000000000820000 0x0000000000000400 rw !x
lock             0x0000000000830000 0x0000000000000400 rw !x
signature        0x0000000000840000 0x0000000000000400 rw !x
user_signatures  0x0000000000850000 0x0000000000000400 rw !x
*default*        0x0000000000000000 0xffffffffffffffff

Linker script and memory map

Address of section .data set to 0x800100
LOAD /usr/lib/gcc/avr/4.9.2/../../../avr/lib/avr51/crtatmega128.o
LOAD lab4.o
LOAD uart_functions.o
LOAD hd44780.o
LOAD lm73_functions.o
LOAD twi_master.o
LOAD /tmp/ccgSd1Ls.o
START GROUP
LOAD /usr/lib/gcc/avr/4.9.2/avr51/libgcc.a
LOAD /usr/lib/gcc/avr/4.9.2/../../../avr/lib/avr51/libm.a
LOAD /usr/lib/gcc/avr/4.9.2/../../../avr/lib/avr51/libc.a
LOAD /usr/lib/gcc/avr/4.9.2/../../../avr/lib/avr51/libatmega128.a
END GROUP

.hash
 *(.hash)

.dynsym
 *(.dynsym)

.dynstr
 *(.dynstr)

.gnu.version
 *(.gnu.version)

.gnu.version_d
 *(.gnu.version_d)

.gnu.version_r
 *(.gnu.version_r)

.rel.init
 *(.rel.init)

.rela.init
 *(.rela.init)

.rel.text
 *(.rel.text)
 *(.rel.text.*)
 *(.rel.gnu.linkonce.t*)

.rela.text
 *(.rela.text)
 *(.rela.text.*)
 *(.rela.gnu.linkonce.t*)

.rel.fini
 *(.rel.fini)

.rela.fini
 *(.rela.fini)

.rel.rodata
 *(.rel.rodata)
 *(.rel.rodata.*)
 *(.rel.gnu.linkonce.r*)

.rela.rodata
 *(.rela.rodata)
 *(.rela.rodata.*)
 *(.rela.gnu.linkonce.r*)

.rel.data
 *(.rel.data)
 *(.rel.data.*)
 *(.rel.gnu.linkonce.d*)

.rela.data
 *(.rela.data)
 *(.rela.data.*)
 *(.rela.gnu.linkonce.d*)

.rel.ctors
 *(.rel.ctors)

.rela.ctors
 *(.rela.ctors)

.rel.dtors
 *(.rel.dtors)

.rela.dtors
 *(.rela.dtors)

.rel.got
 *(.rel.got)

.rela.got
 *(.rela.got)

.rel.bss
 *(.rel.bss)

.rela.bss
 *(.rela.bss)

.rel.plt
 *(.rel.plt)

.rela.plt
 *(.rela.plt)

.text           0x0000000000000000     0x2d8e
 *(.vectors)
 .vectors       0x0000000000000000       0x8c /usr/lib/gcc/avr/4.9.2/../../../avr/lib/avr51/crtatmega128.o
                0x0000000000000000                __vectors
                0x0000000000000000                __vector_default
 *(.vectors)
 *(.progmem.gcc*)
 .progmem.gcc_sw_table
                0x000000000000008c       0xa2 twi_master.o
 .progmem.gcc_sw_table
                0x000000000000012e      0x302 /tmp/ccgSd1Ls.o
                0x0000000000000430                . = ALIGN (0x2)
                0x0000000000000430                __trampolines_start = .
 *(.trampolines)
 .trampolines   0x0000000000000430        0x0 linker stubs
 *(.trampolines*)
                0x0000000000000430                __trampolines_end = .
 *(.progmem*)
                0x0000000000000430                . = ALIGN (0x2)
 *(.jumptables)
 *(.jumptables*)
 *(.lowtext)
 *(.lowtext*)
                0x0000000000000430                __ctors_start = .
 *(.ctors)
                0x0000000000000430                __ctors_end = .
                0x0000000000000430                __dtors_start = .
 *(.dtors)
                0x0000000000000430                __dtors_end = .
 SORT(*)(.ctors)
 SORT(*)(.dtors)
 *(.init0)
 .init0         0x0000000000000430        0x0 /usr/lib/gcc/avr/4.9.2/../../../avr/lib/avr51/crtatmega128.o
                0x0000000000000430                __init
 *(.init0)
 *(.init1)
 *(.init1)
 *(.init2)
 .init2         0x0000000000000430        0xc /usr/lib/gcc/avr/4.9.2/../../../avr/lib/avr51/crtatmega128.o
 *(.init2)
 *(.init3)
 *(.init3)
 *(.init4)
 .init4         0x000000000000043c       0x1a /usr/lib/gcc/avr/4.9.2/avr51/libgcc.a(_copy_data.o)
                0x000000000000043c                __do_copy_data
 .init4         0x0000000000000456       0x10 /usr/lib/gcc/avr/4.9.2/avr51/libgcc.a(_clear_bss.o)
                0x0000000000000456                __do_clear_bss
 *(.init4)
 *(.init5)
 *(.init5)
 *(.init6)
 *(.init6)
 *(.init7)
 *(.init7)
 *(.init8)
 *(.init8)
 *(.init9)
 .init9         0x0000000000000466        0x8 /usr/lib/gcc/avr/4.9.2/../../../avr/lib/avr51/crtatmega128.o
 *(.init9)
 *(.text)
 .text          0x000000000000046e        0x4 /usr/lib/gcc/avr/4.9.2/../../../avr/lib/avr51/crtatmega128.o
                0x000000000000046e                __vector_22
                0x000000000000046e                __vector_28
                0x000000000000046e                __vector_1
                0x000000000000046e                __vector_32
                0x000000000000046e                __vector_34
                0x000000000000046e                __vector_24
                0x000000000000046e                __bad_interrupt
                0x000000000000046e                __vector_6
                0x000000000000046e                __vector_31
                0x000000000000046e                __vector_3
                0x000000000000046e                __vector_23
                0x000000000000046e                __vector_30
                0x000000000000046e                __vector_25
                0x000000000000046e                __vector_11
                0x000000000000046e                __vector_13
                0x000000000000046e                __vector_17
                0x000000000000046e                __vector_19
                0x000000000000046e                __vector_7
                0x000000000000046e                __vector_27
                0x000000000000046e                __vector_5
                0x000000000000046e                __vector_4
                0x000000000000046e                __vector_9
                0x000000000000046e                __vector_2
                0x000000000000046e                __vector_15
                0x000000000000046e                __vector_29
                0x000000000000046e                __vector_8
                0x000000000000046e                __vector_26
                0x000000000000046e                __vector_14
                0x000000000000046e                __vector_20
 .text          0x0000000000000472      0x8ae lab4.o
                0x0000000000000472                spi_init
                0x0000000000000482                get_48
                0x00000000000004c2                get_128
                0x000000000000054a                display_alarm
                0x00000000000006bc                display_digits
                0x000000000000082e                Button
                0x00000000000008c4                encoder
                0x00000000000009a8                checker
                0x0000000000000a08                alarm_check
                0x0000000000000a2e                lcd_control
                0x0000000000000aa2                __vector_10
                0x0000000000000ab6                __vector_18
                0x0000000000000b12                __vector_21
                0x0000000000000b36                __vector_12
                0x0000000000000bb4                __vector_16
 .text          0x0000000000000d20       0xf6 uart_functions.o
                0x0000000000000d20                uart_putc
                0x0000000000000d2c                uart1_putc
                0x0000000000000d42                uart_puts
                0x0000000000000d5e                uart1_puts
                0x0000000000000d84                uart_puts_p
                0x0000000000000daa                uart_init
                0x0000000000000dc4                uart1_init
                0x0000000000000de4                uart_getc
                0x0000000000000dfa                uart1_getc
 .text          0x0000000000000e16      0x61e hd44780.o
                0x0000000000000e16                send_lcd
                0x0000000000000e40                refresh_lcd
                0x0000000000000e98                set_custom_character
                0x0000000000000efa                set_cursor
                0x0000000000000f0a                uint2lcd
                0x0000000000000f88                int2lcd
                0x0000000000000fb0                cursor_on
                0x0000000000000fb8                cursor_off
                0x0000000000000fc0                shift_right
                0x0000000000000fc8                shift_left
                0x0000000000000fd0                strobe_lcd
                0x0000000000000fe2                clear_display
                0x0000000000000ff8                cursor_home
                0x000000000000100e                line2_col1
                0x0000000000001016                line1_col1
                0x000000000000101e                fill_spaces
                0x000000000000103a                char2lcd
                0x0000000000001042                string2lcd
                0x000000000000108c                lcd_init
                0x0000000000001140                lcd_int32
                0x00000000000012b4                lcd_int16
 .text          0x0000000000001434        0x0 lm73_functions.o
 .text          0x0000000000001434      0x17c twi_master.o
                0x0000000000001434                __vector_33
                0x0000000000001552                twi_busy
                0x000000000000155a                twi_start_wr
                0x000000000000157c                twi_start_rd
                0x000000000000159e                init_twi
 .text          0x00000000000015b0     0x14ba /tmp/ccgSd1Ls.o
                0x00000000000015b0                play_rest
                0x00000000000015c6                play_note
                0x0000000000001c02                song0
                0x0000000000001dca                song1
                0x0000000000001f92                song2
                0x000000000000290a                song3
                0x00000000000029d6                play_song
                0x0000000000002a04                music_off
                0x0000000000002a12                music_on
                0x0000000000002a2a                music_init
 .text          0x0000000000002a6a        0x0 /usr/lib/gcc/avr/4.9.2/avr51/libgcc.a(_divmodhi4.o)
 .text          0x0000000000002a6a        0x0 /usr/lib/gcc/avr/4.9.2/avr51/libgcc.a(_divmodsi4.o)
 .text          0x0000000000002a6a        0x0 /usr/lib/gcc/avr/4.9.2/avr51/libgcc.a(_negsi2.o)
 .text          0x0000000000002a6a        0x0 /usr/lib/gcc/avr/4.9.2/avr51/libgcc.a(_exit.o)
 .text          0x0000000000002a6a        0x0 /usr/lib/gcc/avr/4.9.2/avr51/libgcc.a(_tablejump2.o)
 .text          0x0000000000002a6a        0x0 /usr/lib/gcc/avr/4.9.2/avr51/libgcc.a(_copy_data.o)
 .text          0x0000000000002a6a        0x0 /usr/lib/gcc/avr/4.9.2/avr51/libgcc.a(_clear_bss.o)
 .text          0x0000000000002a6a        0x0 /usr/lib/gcc/avr/4.9.2/avr51/libgcc.a(_umulhisi3.o)
 .text          0x0000000000002a6a        0x0 /usr/lib/gcc/avr/4.9.2/avr51/libgcc.a(_udivmodhi4.o)
 .text          0x0000000000002a6a        0x0 /usr/lib/gcc/avr/4.9.2/avr51/libgcc.a(_udivmodsi4.o)
 .text          0x0000000000002a6a        0x0 /usr/lib/gcc/avr/4.9.2/../../../avr/lib/avr51/libc.a(strcmp.o)
 .text          0x0000000000002a6a        0x0 /usr/lib/gcc/avr/4.9.2/../../../avr/lib/avr51/libc.a(strcpy.o)
 .text          0x0000000000002a6a        0x0 /usr/lib/gcc/avr/4.9.2/../../../avr/lib/avr51/libc.a(itoa_ncheck.o)
 .text          0x0000000000002a6a        0x0 /usr/lib/gcc/avr/4.9.2/../../../avr/lib/avr51/libc.a(utoa_ncheck.o)
 .text          0x0000000000002a6a        0x0 /usr/lib/gcc/avr/4.9.2/../../../avr/lib/avr51/libc.a(strrev.o)
                0x0000000000002a6a                . = ALIGN (0x2)
 *(.text.*)
 .text.startup  0x0000000000002a6a      0x194 lab4.o
                0x0000000000002a6a                main
 .text.libgcc.mul
                0x0000000000002bfe        0x0 /usr/lib/gcc/avr/4.9.2/avr51/libgcc.a(_divmodhi4.o)
 .text.libgcc.div
                0x0000000000002bfe       0x28 /usr/lib/gcc/avr/4.9.2/avr51/libgcc.a(_divmodhi4.o)
                0x0000000000002bfe                __divmodhi4
                0x0000000000002bfe                _div
 .text.libgcc   0x0000000000002c26        0x0 /usr/lib/gcc/avr/4.9.2/avr51/libgcc.a(_divmodhi4.o)
 .text.libgcc.prologue
                0x0000000000002c26        0x0 /usr/lib/gcc/avr/4.9.2/avr51/libgcc.a(_divmodhi4.o)
 .text.libgcc.builtins
                0x0000000000002c26        0x0 /usr/lib/gcc/avr/4.9.2/avr51/libgcc.a(_divmodhi4.o)
 .text.libgcc.fmul
                0x0000000000002c26        0x0 /usr/lib/gcc/avr/4.9.2/avr51/libgcc.a(_divmodhi4.o)
 .text.libgcc.fixed
                0x0000000000002c26        0x0 /usr/lib/gcc/avr/4.9.2/avr51/libgcc.a(_divmodhi4.o)
 .text.libgcc.mul
                0x0000000000002c26        0x0 /usr/lib/gcc/avr/4.9.2/avr51/libgcc.a(_divmodsi4.o)
 .text.libgcc.div
                0x0000000000002c26       0x2e /usr/lib/gcc/avr/4.9.2/avr51/libgcc.a(_divmodsi4.o)
                0x0000000000002c26                __divmodsi4
 .text.libgcc   0x0000000000002c54        0x0 /usr/lib/gcc/avr/4.9.2/avr51/libgcc.a(_divmodsi4.o)
 .text.libgcc.prologue
                0x0000000000002c54        0x0 /usr/lib/gcc/avr/4.9.2/avr51/libgcc.a(_divmodsi4.o)
 .text.libgcc.builtins
                0x0000000000002c54        0x0 /usr/lib/gcc/avr/4.9.2/avr51/libgcc.a(_divmodsi4.o)
 .text.libgcc.fmul
                0x0000000000002c54        0x0 /usr/lib/gcc/avr/4.9.2/avr51/libgcc.a(_divmodsi4.o)
 .text.libgcc.fixed
                0x0000000000002c54        0x0 /usr/lib/gcc/avr/4.9.2/avr51/libgcc.a(_divmodsi4.o)
 .text.libgcc.mul
                0x0000000000002c54        0x0 /usr/lib/gcc/avr/4.9.2/avr51/libgcc.a(_negsi2.o)
 .text.libgcc.div
                0x0000000000002c54       0x10 /usr/lib/gcc/avr/4.9.2/avr51/libgcc.a(_negsi2.o)
                0x0000000000002c54                __negsi2
 .text.libgcc   0x0000000000002c64        0x0 /usr/lib/gcc/avr/4.9.2/avr51/libgcc.a(_negsi2.o)
 .text.libgcc.prologue
                0x0000000000002c64        0x0 /usr/lib/gcc/avr/4.9.2/avr51/libgcc.a(_negsi2.o)
 .text.libgcc.builtins
                0x0000000000002c64        0x0 /usr/lib/gcc/avr/4.9.2/avr51/libgcc.a(_negsi2.o)
 .text.libgcc.fmul
                0x0000000000002c64        0x0 /usr/lib/gcc/avr/4.9.2/avr51/libgcc.a(_negsi2.o)
 .text.libgcc.fixed
                0x0000000000002c64        0x0 /usr/lib/gcc/avr/4.9.2/avr51/libgcc.a(_negsi2.o)
 .text.libgcc.mul
                0x0000000000002c64        0x0 /usr/lib/gcc/avr/4.9.2/avr51/libgcc.a(_exit.o)
 .text.libgcc.div
                0x0000000000002c64        0x0 /usr/lib/gcc/avr/4.9.2/avr51/libgcc.a(_exit.o)
 .text.libgcc   0x0000000000002c64        0x0 /usr/lib/gcc/avr/4.9.2/avr51/libgcc.a(_exit.o)
 .text.libgcc.prologue
                0x0000000000002c64        0x0 /usr/lib/gcc/avr/4.9.2/avr51/libgcc.a(_exit.o)
 .text.libgcc.builtins
                0x0000000000002c64        0x0 /usr/lib/gcc/avr/4.9.2/avr51/libgcc.a(_exit.o)
 .text.libgcc.fmul
                0x0000000000002c64        0x0 /usr/lib/gcc/avr/4.9.2/avr51/libgcc.a(_exit.o)
 .text.libgcc.fixed
                0x0000000000002c64        0x0 /usr/lib/gcc/avr/4.9.2/avr51/libgcc.a(_exit.o)
 .text.libgcc.mul
                0x0000000000002c64        0x0 /usr/lib/gcc/avr/4.9.2/avr51/libgcc.a(_tablejump2.o)
 .text.libgcc.div
                0x0000000000002c64        0x0 /usr/lib/gcc/avr/4.9.2/avr51/libgcc.a(_tablejump2.o)
 .text.libgcc   0x0000000000002c64       0x12 /usr/lib/gcc/avr/4.9.2/avr51/libgcc.a(_tablejump2.o)
                0x0000000000002c64                __tablejump2__
 .text.libgcc.prologue
                0x0000000000002c76        0x0 /usr/lib/gcc/avr/4.9.2/avr51/libgcc.a(_tablejump2.o)
 .text.libgcc.builtins
                0x0000000000002c76        0x0 /usr/lib/gcc/avr/4.9.2/avr51/libgcc.a(_tablejump2.o)
 .text.libgcc.fmul
                0x0000000000002c76        0x0 /usr/lib/gcc/avr/4.9.2/avr51/libgcc.a(_tablejump2.o)
 .text.libgcc.fixed
                0x0000000000002c76        0x0 /usr/lib/gcc/avr/4.9.2/avr51/libgcc.a(_tablejump2.o)
 .text.libgcc.mul
                0x0000000000002c76        0x0 /usr/lib/gcc/avr/4.9.2/avr51/libgcc.a(_copy_data.o)
 .text.libgcc.div
                0x0000000000002c76        0x0 /usr/lib/gcc/avr/4.9.2/avr51/libgcc.a(_copy_data.o)
 .text.libgcc   0x0000000000002c76        0x0 /usr/lib/gcc/avr/4.9.2/avr51/libgcc.a(_copy_data.o)
 .text.libgcc.prologue
                0x0000000000002c76        0x0 /usr/lib/gcc/avr/4.9.2/avr51/libgcc.a(_copy_data.o)
 .text.libgcc.builtins
                0x0000000000002c76        0x0 /usr/lib/gcc/avr/4.9.2/avr51/libgcc.a(_copy_data.o)
 .text.libgcc.fmul
                0x0000000000002c76        0x0 /usr/lib/gcc/avr/4.9.2/avr51/libgcc.a(_copy_data.o)
 .text.libgcc.fixed
                0x0000000000002c76        0x0 /usr/lib/gcc/avr/4.9.2/avr51/libgcc.a(_copy_data.o)
 .text.libgcc.mul
                0x0000000000002c76        0x0 /usr/lib/gcc/avr/4.9.2/avr51/libgcc.a(_clear_bss.o)
 .text.libgcc.div
                0x0000000000002c76        0x0 /usr/lib/gcc/avr/4.9.2/avr51/libgcc.a(_clear_bss.o)
 .text.libgcc   0x0000000000002c76        0x0 /usr/lib/gcc/avr/4.9.2/avr51/libgcc.a(_clear_bss.o)
 .text.libgcc.prologue
                0x0000000000002c76        0x0 /usr/lib/gcc/avr/4.9.2/avr51/libgcc.a(_clear_bss.o)
 .text.libgcc.builtins
                0x0000000000002c76        0x0 /usr/lib/gcc/avr/4.9.2/avr51/libgcc.a(_clear_bss.o)
 .text.libgcc.fmul
                0x0000000000002c76        0x0 /usr/lib/gcc/avr/4.9.2/avr51/libgcc.a(_clear_bss.o)
 .text.libgcc.fixed
                0x0000000000002c76        0x0 /usr/lib/gcc/avr/4.9.2/avr51/libgcc.a(_clear_bss.o)
 .text.libgcc.mul
                0x0000000000002c76       0x1e /usr/lib/gcc/avr/4.9.2/avr51/libgcc.a(_umulhisi3.o)
                0x0000000000002c76                __umulhisi3
 .text.libgcc.div
                0x0000000000002c94        0x0 /usr/lib/gcc/avr/4.9.2/avr51/libgcc.a(_umulhisi3.o)
 .text.libgcc   0x0000000000002c94        0x0 /usr/lib/gcc/avr/4.9.2/avr51/libgcc.a(_umulhisi3.o)
 .text.libgcc.prologue
                0x0000000000002c94        0x0 /usr/lib/gcc/avr/4.9.2/avr51/libgcc.a(_umulhisi3.o)
 .text.libgcc.builtins
                0x0000000000002c94        0x0 /usr/lib/gcc/avr/4.9.2/avr51/libgcc.a(_umulhisi3.o)
 .text.libgcc.fmul
                0x0000000000002c94        0x0 /usr/lib/gcc/avr/4.9.2/avr51/libgcc.a(_umulhisi3.o)
 .text.libgcc.fixed
                0x0000000000002c94        0x0 /usr/lib/gcc/avr/4.9.2/avr51/libgcc.a(_umulhisi3.o)
 .text.libgcc.mul
                0x0000000000002c94        0x0 /usr/lib/gcc/avr/4.9.2/avr51/libgcc.a(_udivmodhi4.o)
 .text.libgcc.div
                0x0000000000002c94       0x28 /usr/lib/gcc/avr/4.9.2/avr51/libgcc.a(_udivmodhi4.o)
                0x0000000000002c94                __udivmodhi4
 .text.libgcc   0x0000000000002cbc        0x0 /usr/lib/gcc/avr/4.9.2/avr51/libgcc.a(_udivmodhi4.o)
 .text.libgcc.prologue
                0x0000000000002cbc        0x0 /usr/lib/gcc/avr/4.9.2/avr51/libgcc.a(_udivmodhi4.o)
 .text.libgcc.builtins
                0x0000000000002cbc        0x0 /usr/lib/gcc/avr/4.9.2/avr51/libgcc.a(_udivmodhi4.o)
 .text.libgcc.fmul
                0x0000000000002cbc        0x0 /usr/lib/gcc/avr/4.9.2/avr51/libgcc.a(_udivmodhi4.o)
 .text.libgcc.fixed
                0x0000000000002cbc        0x0 /usr/lib/gcc/avr/4.9.2/avr51/libgcc.a(_udivmodhi4.o)
 .text.libgcc.mul
                0x0000000000002cbc        0x0 /usr/lib/gcc/avr/4.9.2/avr51/libgcc.a(_udivmodsi4.o)
 .text.libgcc.div
                0x0000000000002cbc       0x44 /usr/lib/gcc/avr/4.9.2/avr51/libgcc.a(_udivmodsi4.o)
                0x0000000000002cbc                __udivmodsi4
 .text.libgcc   0x0000000000002d00        0x0 /usr/lib/gcc/avr/4.9.2/avr51/libgcc.a(_udivmodsi4.o)
 .text.libgcc.prologue
                0x0000000000002d00        0x0 /usr/lib/gcc/avr/4.9.2/avr51/libgcc.a(_udivmodsi4.o)
 .text.libgcc.builtins
                0x0000000000002d00        0x0 /usr/lib/gcc/avr/4.9.2/avr51/libgcc.a(_udivmodsi4.o)
 .text.libgcc.fmul
                0x0000000000002d00        0x0 /usr/lib/gcc/avr/4.9.2/avr51/libgcc.a(_udivmodsi4.o)
 .text.libgcc.fixed
                0x0000000000002d00        0x0 /usr/lib/gcc/avr/4.9.2/avr51/libgcc.a(_udivmodsi4.o)
 .text.avr-libc
                0x0000000000002d00       0x12 /usr/lib/gcc/avr/4.9.2/../../../avr/lib/avr51/libc.a(strcmp.o)
                0x0000000000002d00                strcmp
 .text.avr-libc
                0x0000000000002d12        0xe /usr/lib/gcc/avr/4.9.2/../../../avr/lib/avr51/libc.a(strcpy.o)
                0x0000000000002d12                strcpy
 .text.avr-libc
                0x0000000000002d20       0x16 /usr/lib/gcc/avr/4.9.2/../../../avr/lib/avr51/libc.a(itoa_ncheck.o)
                0x0000000000002d20                __itoa_ncheck
 .text.avr-libc
                0x0000000000002d36       0x34 /usr/lib/gcc/avr/4.9.2/../../../avr/lib/avr51/libc.a(utoa_ncheck.o)
                0x0000000000002d36                __utoa_ncheck
                0x0000000000002d38                __utoa_common
 .text.avr-libc
                0x0000000000002d6a       0x20 /usr/lib/gcc/avr/4.9.2/../../../avr/lib/avr51/libc.a(strrev.o)
                0x0000000000002d6a                strrev
                0x0000000000002d8a                . = ALIGN (0x2)
 *(.fini9)
 .fini9         0x0000000000002d8a        0x0 /usr/lib/gcc/avr/4.9.2/avr51/libgcc.a(_exit.o)
                0x0000000000002d8a                exit
                0x0000000000002d8a                _exit
 *(.fini9)
 *(.fini8)
 *(.fini8)
 *(.fini7)
 *(.fini7)
 *(.fini6)
 *(.fini6)
 *(.fini5)
 *(.fini5)
 *(.fini4)
 *(.fini4)
 *(.fini3)
 *(.fini3)
 *(.fini2)
 *(.fini2)
 *(.fini1)
 *(.fini1)
 *(.fini0)
 .fini0         0x0000000000002d8a        0x4 /usr/lib/gcc/avr/4.9.2/avr51/libgcc.a(_exit.o)
 *(.fini0)
                0x0000000000002d8e                _etext = .

.data           0x0000000000800100       0x54 load address 0x0000000000002d8e
                0x0000000000800100                PROVIDE (__data_start, .)
 *(.data)
 .data          0x0000000000800100        0x0 /usr/lib/gcc/avr/4.9.2/../../../avr/lib/avr51/crtatmega128.o
 .data          0x0000000000800100       0x29 lab4.o
                0x0000000000800100                decoder_select
                0x0000000000800106                sev_seg_digits_hex
                0x0000000000800116                sev_seg_digits
                0x0000000000800120                vol_n
                0x0000000000800122                adcr
                0x0000000000800123                alarm_minutes
                0x0000000000800124                alarm_hours
                0x0000000000800125                hours
                0x0000000000800126                nothing
                0x0000000000800127                NotTouched
 .data          0x0000000000800129        0x0 uart_functions.o
 .data          0x0000000000800129        0x0 hd44780.o
 .data          0x0000000000800129        0x0 lm73_functions.o
 .data          0x0000000000800129        0x0 twi_master.o
 .data          0x0000000000800129        0x0 /tmp/ccgSd1Ls.o
 .data          0x0000000000800129        0x0 /usr/lib/gcc/avr/4.9.2/avr51/libgcc.a(_divmodhi4.o)
 .data          0x0000000000800129        0x0 /usr/lib/gcc/avr/4.9.2/avr51/libgcc.a(_divmodsi4.o)
 .data          0x0000000000800129        0x0 /usr/lib/gcc/avr/4.9.2/avr51/libgcc.a(_negsi2.o)
 .data          0x0000000000800129        0x0 /usr/lib/gcc/avr/4.9.2/avr51/libgcc.a(_exit.o)
 .data          0x0000000000800129        0x0 /usr/lib/gcc/avr/4.9.2/avr51/libgcc.a(_tablejump2.o)
 .data          0x0000000000800129        0x0 /usr/lib/gcc/avr/4.9.2/avr51/libgcc.a(_copy_data.o)
 .data          0x0000000000800129        0x0 /usr/lib/gcc/avr/4.9.2/avr51/libgcc.a(_clear_bss.o)
 .data          0x0000000000800129        0x0 /usr/lib/gcc/avr/4.9.2/avr51/libgcc.a(_umulhisi3.o)
 .data          0x0000000000800129        0x0 /usr/lib/gcc/avr/4.9.2/avr51/libgcc.a(_udivmodhi4.o)
 .data          0x0000000000800129        0x0 /usr/lib/gcc/avr/4.9.2/avr51/libgcc.a(_udivmodsi4.o)
 .data          0x0000000000800129        0x0 /usr/lib/gcc/avr/4.9.2/../../../avr/lib/avr51/libc.a(strcmp.o)
 .data          0x0000000000800129        0x0 /usr/lib/gcc/avr/4.9.2/../../../avr/lib/avr51/libc.a(strcpy.o)
 .data          0x0000000000800129        0x0 /usr/lib/gcc/avr/4.9.2/../../../avr/lib/avr51/libc.a(itoa_ncheck.o)
 .data          0x0000000000800129        0x0 /usr/lib/gcc/avr/4.9.2/../../../avr/lib/avr51/libc.a(utoa_ncheck.o)
 .data          0x0000000000800129        0x0 /usr/lib/gcc/avr/4.9.2/../../../avr/lib/avr51/libc.a(strrev.o)
 *(.data*)
 *(.rodata)
 *(.rodata*)
 .rodata.str1.1
                0x0000000000800129       0x2b lab4.o
 *(.gnu.linkonce.d*)
                0x0000000000800154                . = ALIGN (0x2)
                0x0000000000800154                _edata = .
                0x0000000000800154                PROVIDE (__data_end, .)

.bss            0x0000000000800154      0x13b
                0x0000000000800154                PROVIDE (__bss_start, .)
 *(.bss)
 .bss           0x0000000000800154        0x0 /usr/lib/gcc/avr/4.9.2/../../../avr/lib/avr51/crtatmega128.o
 .bss           0x0000000000800154       0x13 lab4.o
                0x0000000000800154                send_seq
                0x0000000000800155                temp
                0x0000000000800156                fix
                0x0000000000800157                vol_o
                0x0000000000800159                lcd_fix
                0x000000000080015a                cur_digit
                0x000000000080015b                alarmON
                0x000000000080015c                minutes
                0x000000000080015d                sec
                0x000000000080015e                encoder2
                0x000000000080015f                encoder1
                0x0000000000800160                OE2
                0x0000000000800161                OE1
                0x0000000000800162                BARAGRAPH
                0x0000000000800163                SavedPORTA_Value
                0x0000000000800165                counter
 .bss           0x0000000000800167        0x0 uart_functions.o
 .bss           0x0000000000800167        0x1 hd44780.o
 .bss           0x0000000000800168        0x0 lm73_functions.o
 .bss           0x0000000000800168        0x1 twi_master.o
 .bss           0x0000000000800169        0x0 /tmp/ccgSd1Ls.o
 .bss           0x0000000000800169        0x0 /usr/lib/gcc/avr/4.9.2/avr51/libgcc.a(_divmodhi4.o)
 .bss           0x0000000000800169        0x0 /usr/lib/gcc/avr/4.9.2/avr51/libgcc.a(_divmodsi4.o)
 .bss           0x0000000000800169        0x0 /usr/lib/gcc/avr/4.9.2/avr51/libgcc.a(_negsi2.o)
 .bss           0x0000000000800169        0x0 /usr/lib/gcc/avr/4.9.2/avr51/libgcc.a(_exit.o)
 .bss           0x0000000000800169        0x0 /usr/lib/gcc/avr/4.9.2/avr51/libgcc.a(_tablejump2.o)
 .bss           0x0000000000800169        0x0 /usr/lib/gcc/avr/4.9.2/avr51/libgcc.a(_copy_data.o)
 .bss           0x0000000000800169        0x0 /usr/lib/gcc/avr/4.9.2/avr51/libgcc.a(_clear_bss.o)
 .bss           0x0000000000800169        0x0 /usr/lib/gcc/avr/4.9.2/avr51/libgcc.a(_umulhisi3.o)
 .bss           0x0000000000800169        0x0 /usr/lib/gcc/avr/4.9.2/avr51/libgcc.a(_udivmodhi4.o)
 .bss           0x0000000000800169        0x0 /usr/lib/gcc/avr/4.9.2/avr51/libgcc.a(_udivmodsi4.o)
 .bss           0x0000000000800169        0x0 /usr/lib/gcc/avr/4.9.2/../../../avr/lib/avr51/libc.a(strcmp.o)
 .bss           0x0000000000800169        0x0 /usr/lib/gcc/avr/4.9.2/../../../avr/lib/avr51/libc.a(strcpy.o)
 .bss           0x0000000000800169        0x0 /usr/lib/gcc/avr/4.9.2/../../../avr/lib/avr51/libc.a(itoa_ncheck.o)
 .bss           0x0000000000800169        0x0 /usr/lib/gcc/avr/4.9.2/../../../avr/lib/avr51/libc.a(utoa_ncheck.o)
 .bss           0x0000000000800169        0x0 /usr/lib/gcc/avr/4.9.2/../../../avr/lib/avr51/libc.a(strrev.o)
 *(.bss*)
 *(COMMON)
 COMMON         0x0000000000800169       0x4d lab4.o
                0x0000000000800169                lcd_now
                0x0000000000800179                tmp
                0x000000000080017b                edit_minutes
                0x000000000080017c                rcv_rdy
                0x000000000080017d                notes
                0x000000000080017e                song
                0x000000000080017f                lm73_temp
                0x0000000000800181                max_beat
                0x0000000000800183                alarm
                0x0000000000800184                lcd_str_l
                0x0000000000800189                beat
                0x000000000080018b                i
                0x000000000080018c                lcd_string
                0x000000000080018f                spdr_to_encoder
                0x0000000000800191                lcd_str_array
                0x0000000000800196                fp_low_result
                0x000000000080019a                cur_value
                0x000000000080019b                lcd_str_h
                0x00000000008001a0                lcd_old
                0x00000000008001b0                edit_hour
                0x00000000008001b1                rx_char
                0x00000000008001b2                fp_adc_result
 COMMON         0x00000000008001b6       0xa0 uart_functions.o
                0x00000000008001b6                uart_tx_buf
                0x00000000008001de                uart1_tx_buf
                0x0000000000800206                uart1_rx_buf
                0x000000000080022e                uart_rx_buf
 COMMON         0x0000000000800256       0x30 hd44780.o
                0x0000000000800256                lcd_string_array
                0x0000000000800276                lcd_str
 COMMON         0x0000000000800286        0x4 lm73_functions.o
                0x0000000000800286                lm73_wr_buf
                0x0000000000800288                lm73_rd_buf
 COMMON         0x000000000080028a        0x5 twi_master.o
                0x000000000080028a                twi_state
                0x000000000080028b                twi_buf
                0x000000000080028d                twi_bus_addr
                0x000000000080028e                twi_msg_size
                0x000000000080028f                PROVIDE (__bss_end, .)
                0x0000000000002d8e                __data_load_start = LOADADDR (.data)
                0x0000000000002de2                __data_load_end = (__data_load_start + SIZEOF (.data))

.noinit         0x000000000080028f        0x0
                0x000000000080028f                PROVIDE (__noinit_start, .)
 *(.noinit*)
                0x000000000080028f                PROVIDE (__noinit_end, .)
                0x000000000080028f                _end = .
                0x000000000080028f                PROVIDE (__heap_start, .)

.eeprom         0x0000000000810000        0x0
 *(.eeprom*)
                0x0000000000810000                __eeprom_end = .

.fuse
 *(.fuse)
 *(.lfuse)
 *(.hfuse)
 *(.efuse)

.lock
 *(.lock*)

.signature
 *(.signature*)

.user_signatures
 *(.user_signatures*)

.stab           0x0000000000000000     0x5c64
 *(.stab)
 .stab          0x0000000000000000     0x18a8 lab4.o
 .stab          0x00000000000018a8      0x7f8 uart_functions.o
                                        0x9f0 (size before relaxing)
 .stab          0x00000000000020a0     0x11d0 hd44780.o
                                       0x13c8 (size before relaxing)
 .stab          0x0000000000003270      0x2dc lm73_functions.o
                                        0x4a4 (size before relaxing)
 .stab          0x000000000000354c      0x660 twi_master.o
                                        0x87c (size before relaxing)
 .stab          0x0000000000003bac     0x20b8 /tmp/ccgSd1Ls.o
                                       0x22a4 (size before relaxing)

.stabstr        0x0000000000000000     0x19ea
 *(.stabstr)
 .stabstr       0x0000000000000000     0x19ea lab4.o

.stab.excl
 *(.stab.excl)

.stab.exclstr
 *(.stab.exclstr)

.stab.index
 *(.stab.index)

.stab.indexstr
 *(.stab.indexstr)

.comment        0x0000000000000000       0x11
 *(.comment)
 .comment       0x0000000000000000       0x11 lab4.o
                                         0x12 (size before relaxing)
 .comment       0x0000000000000011       0x12 uart_functions.o
 .comment       0x0000000000000011       0x12 hd44780.o
 .comment       0x0000000000000011       0x12 lm73_functions.o
 .comment       0x0000000000000011       0x12 twi_master.o
 .comment       0x0000000000000011       0x12 /tmp/ccgSd1Ls.o

.note.gnu.avr.deviceinfo
                0x0000000000000000       0x3c
 .note.gnu.avr.deviceinfo
                0x0000000000000000       0x3c /usr/lib/gcc/avr/4.9.2/../../../avr/lib/avr51/crtatmega128.o

.note.gnu.build-id
 *(.note.gnu.build-id)

.debug
 *(.debug)

.line
 *(.line)

.debug_srcinfo
 *(.debug_srcinfo)

.debug_sfnames
 *(.debug_sfnames)

.debug_aranges
 *(.debug_aranges)

.debug_pubnames
 *(.debug_pubnames)

.debug_info
 *(.debug_info .gnu.linkonce.wi.*)

.debug_abbrev
 *(.debug_abbrev)

.debug_line
 *(.debug_line .debug_line.* .debug_line_end)

.debug_frame
 *(.debug_frame)

.debug_str
 *(.debug_str)

.debug_loc
 *(.debug_loc)

.debug_macinfo
 *(.debug_macinfo)

.debug_weaknames
 *(.debug_weaknames)

.debug_funcnames
 *(.debug_funcnames)

.debug_typenames
 *(.debug_typenames)

.debug_varnames
 *(.debug_varnames)

.debug_pubtypes
 *(.debug_pubtypes)

.debug_ranges
 *(.debug_ranges)

.debug_macro
 *(.debug_macro)
OUTPUT(lab4.elf elf32-avr)
LOAD linker stubs
