Archive member included to satisfy reference by file (symbol)

/usr/lib/gcc/avr/4.9.2/avr4/libgcc.a(_divmodhi4.o)
                              uart_rxtx.o (__divmodhi4)
/usr/lib/gcc/avr/4.9.2/avr4/libgcc.a(_exit.o)
                              /usr/lib/gcc/avr/4.9.2/../../../avr/lib/avr4/crtatmega48.o (exit)
/usr/lib/gcc/avr/4.9.2/avr4/libgcc.a(_copy_data.o)
                              uart_rxtx.o (__do_copy_data)
/usr/lib/gcc/avr/4.9.2/avr4/libgcc.a(_clear_bss.o)
                              uart_rxtx.o (__do_clear_bss)
/usr/lib/gcc/avr/4.9.2/avr4/libgcc.a(_udivmodhi4.o)
                              /usr/lib/gcc/avr/4.9.2/avr4/libgcc.a(_divmodhi4.o) (__udivmodhi4)
/usr/lib/gcc/avr/4.9.2/../../../avr/lib/avr4/libc.a(itoa_ncheck.o)
                              uart_rxtx.o (__itoa_ncheck)
/usr/lib/gcc/avr/4.9.2/../../../avr/lib/avr4/libc.a(utoa_ncheck.o)
                              /usr/lib/gcc/avr/4.9.2/../../../avr/lib/avr4/libc.a(itoa_ncheck.o) (__utoa_common)
/usr/lib/gcc/avr/4.9.2/../../../avr/lib/avr4/libc.a(strrev.o)
                              /usr/lib/gcc/avr/4.9.2/../../../avr/lib/avr4/libc.a(utoa_ncheck.o) (strrev)

Allocating common symbols
Common symbol       size              file

rcv_rdy             0x1               uart_rxtx.o
uart_tx_buf         0x28              uart_functions_m48.o
twi_state           0x1               twi_master.o
twi_buf             0x2               twi_master.o
lm73_wr_buf         0x2               lm73_functions.o
twi_bus_addr        0x1               twi_master.o
lcd_str_l           0x10              uart_rxtx.o
i                   0x1               uart_rxtx.o
lcd_string          0x3               uart_rxtx.o
twi_msg_size        0x1               twi_master.o
fp_low_result       0x4               uart_rxtx.o
lm73_rd_buf         0x2               lm73_functions.o
uart_rx_buf         0x28              uart_functions_m48.o
lcd_str_h           0x10              uart_rxtx.o
rx_char             0x1               uart_rxtx.o
fp_adc_result       0x4               uart_rxtx.o

Memory Configuration

Name             Origin             Length             Attributes
text             0x0000000000000000 0x0000000000002000 xr
data             0x0000000000800060 0x000000000000ffa0 rw !x
eeprom           0x0000000000810000 0x0000000000010000 rw !x
fuse             0x0000000000820000 0x0000000000000400 rw !x
lock             0x0000000000830000 0x0000000000000400 rw !x
signature        0x0000000000840000 0x0000000000000400 rw !x
user_signatures  0x0000000000850000 0x0000000000000400 rw !x
*default*        0x0000000000000000 0xffffffffffffffff

Linker script and memory map

Address of section .data set to 0x800100
LOAD /usr/lib/gcc/avr/4.9.2/../../../avr/lib/avr4/crtatmega48.o
LOAD uart_rxtx.o
LOAD uart_functions_m48.o
LOAD lm73_functions.o
LOAD twi_master.o
START GROUP
LOAD /usr/lib/gcc/avr/4.9.2/avr4/libgcc.a
LOAD /usr/lib/gcc/avr/4.9.2/../../../avr/lib/avr4/libm.a
LOAD /usr/lib/gcc/avr/4.9.2/../../../avr/lib/avr4/libc.a
LOAD /usr/lib/gcc/avr/4.9.2/../../../avr/lib/avr4/libatmega48.a
END GROUP

.hash
 *(.hash)

.dynsym
 *(.dynsym)

.dynstr
 *(.dynstr)

.gnu.version
 *(.gnu.version)

.gnu.version_d
 *(.gnu.version_d)

.gnu.version_r
 *(.gnu.version_r)

.rel.init
 *(.rel.init)

.rela.init
 *(.rela.init)

.rel.text
 *(.rel.text)
 *(.rel.text.*)
 *(.rel.gnu.linkonce.t*)

.rela.text
 *(.rela.text)
 *(.rela.text.*)
 *(.rela.gnu.linkonce.t*)

.rel.fini
 *(.rel.fini)

.rela.fini
 *(.rela.fini)

.rel.rodata
 *(.rel.rodata)
 *(.rel.rodata.*)
 *(.rel.gnu.linkonce.r*)

.rela.rodata
 *(.rela.rodata)
 *(.rela.rodata.*)
 *(.rela.gnu.linkonce.r*)

.rel.data
 *(.rel.data)
 *(.rel.data.*)
 *(.rel.gnu.linkonce.d*)

.rela.data
 *(.rela.data)
 *(.rela.data.*)
 *(.rela.gnu.linkonce.d*)

.rel.ctors
 *(.rel.ctors)

.rela.ctors
 *(.rela.ctors)

.rel.dtors
 *(.rel.dtors)

.rela.dtors
 *(.rela.dtors)

.rel.got
 *(.rel.got)

.rela.got
 *(.rela.got)

.rel.bss
 *(.rel.bss)

.rela.bss
 *(.rela.bss)

.rel.plt
 *(.rel.plt)

.rela.plt
 *(.rela.plt)

.text           0x0000000000000000      0x4da
 *(.vectors)
 .vectors       0x0000000000000000       0x34 /usr/lib/gcc/avr/4.9.2/../../../avr/lib/avr4/crtatmega48.o
                0x0000000000000000                __vectors
                0x0000000000000000                __vector_default
 *(.vectors)
 *(.progmem.gcc*)
 .progmem.gcc_sw_table
                0x0000000000000034       0xa2 twi_master.o
                0x00000000000000d6                . = ALIGN (0x2)
                0x00000000000000d6                __trampolines_start = .
 *(.trampolines)
 .trampolines   0x00000000000000d6        0x0 linker stubs
 *(.trampolines*)
                0x00000000000000d6                __trampolines_end = .
 *(.progmem*)
                0x00000000000000d6                . = ALIGN (0x2)
 *(.jumptables)
 *(.jumptables*)
 *(.lowtext)
 *(.lowtext*)
                0x00000000000000d6                __ctors_start = .
 *(.ctors)
                0x00000000000000d6                __ctors_end = .
                0x00000000000000d6                __dtors_start = .
 *(.dtors)
                0x00000000000000d6                __dtors_end = .
 SORT(*)(.ctors)
 SORT(*)(.dtors)
 *(.init0)
 .init0         0x00000000000000d6        0x0 /usr/lib/gcc/avr/4.9.2/../../../avr/lib/avr4/crtatmega48.o
                0x00000000000000d6                __init
 *(.init0)
 *(.init1)
 *(.init1)
 *(.init2)
 .init2         0x00000000000000d6        0xc /usr/lib/gcc/avr/4.9.2/../../../avr/lib/avr4/crtatmega48.o
 *(.init2)
 *(.init3)
 *(.init3)
 *(.init4)
 .init4         0x00000000000000e2       0x16 /usr/lib/gcc/avr/4.9.2/avr4/libgcc.a(_copy_data.o)
                0x00000000000000e2                __do_copy_data
 .init4         0x00000000000000f8       0x10 /usr/lib/gcc/avr/4.9.2/avr4/libgcc.a(_clear_bss.o)
                0x00000000000000f8                __do_clear_bss
 *(.init4)
 *(.init5)
 *(.init5)
 *(.init6)
 *(.init6)
 *(.init7)
 *(.init7)
 *(.init8)
 *(.init8)
 *(.init9)
 .init9         0x0000000000000108        0x4 /usr/lib/gcc/avr/4.9.2/../../../avr/lib/avr4/crtatmega48.o
 *(.init9)
 *(.text)
 .text          0x000000000000010c        0x2 /usr/lib/gcc/avr/4.9.2/../../../avr/lib/avr4/crtatmega48.o
                0x000000000000010c                __vector_22
                0x000000000000010c                __vector_1
                0x000000000000010c                __vector_12
                0x000000000000010c                __bad_interrupt
                0x000000000000010c                __vector_6
                0x000000000000010c                __vector_3
                0x000000000000010c                __vector_23
                0x000000000000010c                __vector_25
                0x000000000000010c                __vector_11
                0x000000000000010c                __vector_13
                0x000000000000010c                __vector_17
                0x000000000000010c                __vector_19
                0x000000000000010c                __vector_7
                0x000000000000010c                __vector_5
                0x000000000000010c                __vector_4
                0x000000000000010c                __vector_9
                0x000000000000010c                __vector_2
                0x000000000000010c                __vector_21
                0x000000000000010c                __vector_15
                0x000000000000010c                __vector_8
                0x000000000000010c                __vector_14
                0x000000000000010c                __vector_10
                0x000000000000010c                __vector_16
                0x000000000000010c                __vector_18
                0x000000000000010c                __vector_20
 .text          0x000000000000010e       0x28 uart_rxtx.o
                0x000000000000010e                spi_init
                0x0000000000000122                USART0_RX_vect
 .text          0x0000000000000136       0xac uart_functions_m48.o
                0x0000000000000136                uart_putc
                0x000000000000014c                uart_puts
                0x0000000000000172                uart_puts_p
                0x00000000000001a6                uart_init
                0x00000000000001c6                uart_getc
 .text          0x00000000000001e2        0x0 lm73_functions.o
 .text          0x00000000000001e2      0x172 twi_master.o
                0x00000000000001e2                __vector_24
                0x00000000000002f6                twi_busy
                0x00000000000002fe                twi_start_wr
                0x0000000000000320                twi_start_rd
                0x0000000000000342                init_twi
 .text          0x0000000000000354        0x0 /usr/lib/gcc/avr/4.9.2/avr4/libgcc.a(_divmodhi4.o)
 .text          0x0000000000000354        0x0 /usr/lib/gcc/avr/4.9.2/avr4/libgcc.a(_exit.o)
 .text          0x0000000000000354        0x0 /usr/lib/gcc/avr/4.9.2/avr4/libgcc.a(_copy_data.o)
 .text          0x0000000000000354        0x0 /usr/lib/gcc/avr/4.9.2/avr4/libgcc.a(_clear_bss.o)
 .text          0x0000000000000354        0x0 /usr/lib/gcc/avr/4.9.2/avr4/libgcc.a(_udivmodhi4.o)
 .text          0x0000000000000354        0x0 /usr/lib/gcc/avr/4.9.2/../../../avr/lib/avr4/libc.a(itoa_ncheck.o)
 .text          0x0000000000000354        0x0 /usr/lib/gcc/avr/4.9.2/../../../avr/lib/avr4/libc.a(utoa_ncheck.o)
 .text          0x0000000000000354        0x0 /usr/lib/gcc/avr/4.9.2/../../../avr/lib/avr4/libc.a(strrev.o)
                0x0000000000000354                . = ALIGN (0x2)
 *(.text.*)
 .text.startup  0x0000000000000354       0xce uart_rxtx.o
                0x0000000000000354                main
 .text.libgcc.mul
                0x0000000000000422        0x0 /usr/lib/gcc/avr/4.9.2/avr4/libgcc.a(_divmodhi4.o)
 .text.libgcc.div
                0x0000000000000422       0x26 /usr/lib/gcc/avr/4.9.2/avr4/libgcc.a(_divmodhi4.o)
                0x0000000000000422                __divmodhi4
                0x0000000000000422                _div
 .text.libgcc   0x0000000000000448        0x0 /usr/lib/gcc/avr/4.9.2/avr4/libgcc.a(_divmodhi4.o)
 .text.libgcc.prologue
                0x0000000000000448        0x0 /usr/lib/gcc/avr/4.9.2/avr4/libgcc.a(_divmodhi4.o)
 .text.libgcc.builtins
                0x0000000000000448        0x0 /usr/lib/gcc/avr/4.9.2/avr4/libgcc.a(_divmodhi4.o)
 .text.libgcc.fmul
                0x0000000000000448        0x0 /usr/lib/gcc/avr/4.9.2/avr4/libgcc.a(_divmodhi4.o)
 .text.libgcc.fixed
                0x0000000000000448        0x0 /usr/lib/gcc/avr/4.9.2/avr4/libgcc.a(_divmodhi4.o)
 .text.libgcc.mul
                0x0000000000000448        0x0 /usr/lib/gcc/avr/4.9.2/avr4/libgcc.a(_exit.o)
 .text.libgcc.div
                0x0000000000000448        0x0 /usr/lib/gcc/avr/4.9.2/avr4/libgcc.a(_exit.o)
 .text.libgcc   0x0000000000000448        0x0 /usr/lib/gcc/avr/4.9.2/avr4/libgcc.a(_exit.o)
 .text.libgcc.prologue
                0x0000000000000448        0x0 /usr/lib/gcc/avr/4.9.2/avr4/libgcc.a(_exit.o)
 .text.libgcc.builtins
                0x0000000000000448        0x0 /usr/lib/gcc/avr/4.9.2/avr4/libgcc.a(_exit.o)
 .text.libgcc.fmul
                0x0000000000000448        0x0 /usr/lib/gcc/avr/4.9.2/avr4/libgcc.a(_exit.o)
 .text.libgcc.fixed
                0x0000000000000448        0x0 /usr/lib/gcc/avr/4.9.2/avr4/libgcc.a(_exit.o)
 .text.libgcc.mul
                0x0000000000000448        0x0 /usr/lib/gcc/avr/4.9.2/avr4/libgcc.a(_copy_data.o)
 .text.libgcc.div
                0x0000000000000448        0x0 /usr/lib/gcc/avr/4.9.2/avr4/libgcc.a(_copy_data.o)
 .text.libgcc   0x0000000000000448        0x0 /usr/lib/gcc/avr/4.9.2/avr4/libgcc.a(_copy_data.o)
 .text.libgcc.prologue
                0x0000000000000448        0x0 /usr/lib/gcc/avr/4.9.2/avr4/libgcc.a(_copy_data.o)
 .text.libgcc.builtins
                0x0000000000000448        0x0 /usr/lib/gcc/avr/4.9.2/avr4/libgcc.a(_copy_data.o)
 .text.libgcc.fmul
                0x0000000000000448        0x0 /usr/lib/gcc/avr/4.9.2/avr4/libgcc.a(_copy_data.o)
 .text.libgcc.fixed
                0x0000000000000448        0x0 /usr/lib/gcc/avr/4.9.2/avr4/libgcc.a(_copy_data.o)
 .text.libgcc.mul
                0x0000000000000448        0x0 /usr/lib/gcc/avr/4.9.2/avr4/libgcc.a(_clear_bss.o)
 .text.libgcc.div
                0x0000000000000448        0x0 /usr/lib/gcc/avr/4.9.2/avr4/libgcc.a(_clear_bss.o)
 .text.libgcc   0x0000000000000448        0x0 /usr/lib/gcc/avr/4.9.2/avr4/libgcc.a(_clear_bss.o)
 .text.libgcc.prologue
                0x0000000000000448        0x0 /usr/lib/gcc/avr/4.9.2/avr4/libgcc.a(_clear_bss.o)
 .text.libgcc.builtins
                0x0000000000000448        0x0 /usr/lib/gcc/avr/4.9.2/avr4/libgcc.a(_clear_bss.o)
 .text.libgcc.fmul
                0x0000000000000448        0x0 /usr/lib/gcc/avr/4.9.2/avr4/libgcc.a(_clear_bss.o)
 .text.libgcc.fixed
                0x0000000000000448        0x0 /usr/lib/gcc/avr/4.9.2/avr4/libgcc.a(_clear_bss.o)
 .text.libgcc.mul
                0x0000000000000448        0x0 /usr/lib/gcc/avr/4.9.2/avr4/libgcc.a(_udivmodhi4.o)
 .text.libgcc.div
                0x0000000000000448       0x28 /usr/lib/gcc/avr/4.9.2/avr4/libgcc.a(_udivmodhi4.o)
                0x0000000000000448                __udivmodhi4
 .text.libgcc   0x0000000000000470        0x0 /usr/lib/gcc/avr/4.9.2/avr4/libgcc.a(_udivmodhi4.o)
 .text.libgcc.prologue
                0x0000000000000470        0x0 /usr/lib/gcc/avr/4.9.2/avr4/libgcc.a(_udivmodhi4.o)
 .text.libgcc.builtins
                0x0000000000000470        0x0 /usr/lib/gcc/avr/4.9.2/avr4/libgcc.a(_udivmodhi4.o)
 .text.libgcc.fmul
                0x0000000000000470        0x0 /usr/lib/gcc/avr/4.9.2/avr4/libgcc.a(_udivmodhi4.o)
 .text.libgcc.fixed
                0x0000000000000470        0x0 /usr/lib/gcc/avr/4.9.2/avr4/libgcc.a(_udivmodhi4.o)
 .text.avr-libc
                0x0000000000000470       0x14 /usr/lib/gcc/avr/4.9.2/../../../avr/lib/avr4/libc.a(itoa_ncheck.o)
                0x0000000000000470                __itoa_ncheck
 .text.avr-libc
                0x0000000000000484       0x32 /usr/lib/gcc/avr/4.9.2/../../../avr/lib/avr4/libc.a(utoa_ncheck.o)
                0x0000000000000484                __utoa_ncheck
                0x0000000000000486                __utoa_common
 .text.avr-libc
                0x00000000000004b6       0x20 /usr/lib/gcc/avr/4.9.2/../../../avr/lib/avr4/libc.a(strrev.o)
                0x00000000000004b6                strrev
                0x00000000000004d6                . = ALIGN (0x2)
 *(.fini9)
 .fini9         0x00000000000004d6        0x0 /usr/lib/gcc/avr/4.9.2/avr4/libgcc.a(_exit.o)
                0x00000000000004d6                exit
                0x00000000000004d6                _exit
 *(.fini9)
 *(.fini8)
 *(.fini8)
 *(.fini7)
 *(.fini7)
 *(.fini6)
 *(.fini6)
 *(.fini5)
 *(.fini5)
 *(.fini4)
 *(.fini4)
 *(.fini3)
 *(.fini3)
 *(.fini2)
 *(.fini2)
 *(.fini1)
 *(.fini1)
 *(.fini0)
 .fini0         0x00000000000004d6        0x4 /usr/lib/gcc/avr/4.9.2/avr4/libgcc.a(_exit.o)
 *(.fini0)
                0x00000000000004da                _etext = .

.data           0x0000000000800100        0x2 load address 0x00000000000004da
                0x0000000000800100                PROVIDE (__data_start, .)
 *(.data)
 .data          0x0000000000800100        0x0 /usr/lib/gcc/avr/4.9.2/../../../avr/lib/avr4/crtatmega48.o
 .data          0x0000000000800100        0x0 uart_rxtx.o
 .data          0x0000000000800100        0x0 uart_functions_m48.o
 .data          0x0000000000800100        0x0 lm73_functions.o
 .data          0x0000000000800100        0x0 twi_master.o
 .data          0x0000000000800100        0x0 /usr/lib/gcc/avr/4.9.2/avr4/libgcc.a(_divmodhi4.o)
 .data          0x0000000000800100        0x0 /usr/lib/gcc/avr/4.9.2/avr4/libgcc.a(_exit.o)
 .data          0x0000000000800100        0x0 /usr/lib/gcc/avr/4.9.2/avr4/libgcc.a(_copy_data.o)
 .data          0x0000000000800100        0x0 /usr/lib/gcc/avr/4.9.2/avr4/libgcc.a(_clear_bss.o)
 .data          0x0000000000800100        0x0 /usr/lib/gcc/avr/4.9.2/avr4/libgcc.a(_udivmodhi4.o)
 .data          0x0000000000800100        0x0 /usr/lib/gcc/avr/4.9.2/../../../avr/lib/avr4/libc.a(itoa_ncheck.o)
 .data          0x0000000000800100        0x0 /usr/lib/gcc/avr/4.9.2/../../../avr/lib/avr4/libc.a(utoa_ncheck.o)
 .data          0x0000000000800100        0x0 /usr/lib/gcc/avr/4.9.2/../../../avr/lib/avr4/libc.a(strrev.o)
 *(.data*)
 *(.rodata)
 *(.rodata*)
 .rodata.str1.1
                0x0000000000800100        0x2 uart_rxtx.o
 *(.gnu.linkonce.d*)
                0x0000000000800102                . = ALIGN (0x2)
                0x0000000000800102                _edata = .
                0x0000000000800102                PROVIDE (__data_end, .)

.bss            0x0000000000800102       0x89
                0x0000000000800102                PROVIDE (__bss_start, .)
 *(.bss)
 .bss           0x0000000000800102        0x0 /usr/lib/gcc/avr/4.9.2/../../../avr/lib/avr4/crtatmega48.o
 .bss           0x0000000000800102        0x1 uart_rxtx.o
                0x0000000000800102                send_seq
 .bss           0x0000000000800103        0x0 uart_functions_m48.o
 .bss           0x0000000000800103        0x0 lm73_functions.o
 .bss           0x0000000000800103        0x1 twi_master.o
 .bss           0x0000000000800104        0x0 /usr/lib/gcc/avr/4.9.2/avr4/libgcc.a(_divmodhi4.o)
 .bss           0x0000000000800104        0x0 /usr/lib/gcc/avr/4.9.2/avr4/libgcc.a(_exit.o)
 .bss           0x0000000000800104        0x0 /usr/lib/gcc/avr/4.9.2/avr4/libgcc.a(_copy_data.o)
 .bss           0x0000000000800104        0x0 /usr/lib/gcc/avr/4.9.2/avr4/libgcc.a(_clear_bss.o)
 .bss           0x0000000000800104        0x0 /usr/lib/gcc/avr/4.9.2/avr4/libgcc.a(_udivmodhi4.o)
 .bss           0x0000000000800104        0x0 /usr/lib/gcc/avr/4.9.2/../../../avr/lib/avr4/libc.a(itoa_ncheck.o)
 .bss           0x0000000000800104        0x0 /usr/lib/gcc/avr/4.9.2/../../../avr/lib/avr4/libc.a(utoa_ncheck.o)
 .bss           0x0000000000800104        0x0 /usr/lib/gcc/avr/4.9.2/../../../avr/lib/avr4/libc.a(strrev.o)
 *(.bss*)
 *(COMMON)
 COMMON         0x0000000000800104       0x2e uart_rxtx.o
                0x0000000000800104                rcv_rdy
                0x0000000000800105                lcd_str_l
                0x0000000000800115                i
                0x0000000000800116                lcd_string
                0x0000000000800119                fp_low_result
                0x000000000080011d                lcd_str_h
                0x000000000080012d                rx_char
                0x000000000080012e                fp_adc_result
 COMMON         0x0000000000800132       0x50 uart_functions_m48.o
                0x0000000000800132                uart_tx_buf
                0x000000000080015a                uart_rx_buf
 COMMON         0x0000000000800182        0x4 lm73_functions.o
                0x0000000000800182                lm73_wr_buf
                0x0000000000800184                lm73_rd_buf
 COMMON         0x0000000000800186        0x5 twi_master.o
                0x0000000000800186                twi_state
                0x0000000000800187                twi_buf
                0x0000000000800189                twi_bus_addr
                0x000000000080018a                twi_msg_size
                0x000000000080018b                PROVIDE (__bss_end, .)
                0x00000000000004da                __data_load_start = LOADADDR (.data)
                0x00000000000004dc                __data_load_end = (__data_load_start + SIZEOF (.data))

.noinit         0x000000000080018b        0x0
                0x000000000080018b                PROVIDE (__noinit_start, .)
 *(.noinit*)
                0x000000000080018b                PROVIDE (__noinit_end, .)
                0x000000000080018b                _end = .
                0x000000000080018b                PROVIDE (__heap_start, .)

.eeprom         0x0000000000810000        0x0
 *(.eeprom*)
                0x0000000000810000                __eeprom_end = .

.fuse
 *(.fuse)
 *(.lfuse)
 *(.hfuse)
 *(.efuse)

.lock
 *(.lock*)

.signature
 *(.signature*)

.user_signatures
 *(.user_signatures*)

.stab           0x0000000000000000     0x16c8
 *(.stab)
 .stab          0x0000000000000000      0x7bc uart_rxtx.o
 .stab          0x00000000000007bc      0x5d0 uart_functions_m48.o
                                        0x7ec (size before relaxing)
 .stab          0x0000000000000d8c      0x2dc lm73_functions.o
                                        0x4a4 (size before relaxing)
 .stab          0x0000000000001068      0x660 twi_master.o
                                        0x87c (size before relaxing)

.stabstr        0x0000000000000000     0x10a8
 *(.stabstr)
 .stabstr       0x0000000000000000     0x10a8 uart_rxtx.o

.stab.excl
 *(.stab.excl)

.stab.exclstr
 *(.stab.exclstr)

.stab.index
 *(.stab.index)

.stab.indexstr
 *(.stab.indexstr)

.comment        0x0000000000000000       0x11
 *(.comment)
 .comment       0x0000000000000000       0x11 uart_rxtx.o
                                         0x12 (size before relaxing)
 .comment       0x0000000000000011       0x12 uart_functions_m48.o
 .comment       0x0000000000000011       0x12 lm73_functions.o
 .comment       0x0000000000000011       0x12 twi_master.o

.note.gnu.avr.deviceinfo
                0x0000000000000000       0x3c
 .note.gnu.avr.deviceinfo
                0x0000000000000000       0x3c /usr/lib/gcc/avr/4.9.2/../../../avr/lib/avr4/crtatmega48.o

.note.gnu.build-id
 *(.note.gnu.build-id)

.debug
 *(.debug)

.line
 *(.line)

.debug_srcinfo
 *(.debug_srcinfo)

.debug_sfnames
 *(.debug_sfnames)

.debug_aranges
 *(.debug_aranges)

.debug_pubnames
 *(.debug_pubnames)

.debug_info
 *(.debug_info .gnu.linkonce.wi.*)

.debug_abbrev
 *(.debug_abbrev)

.debug_line
 *(.debug_line .debug_line.* .debug_line_end)

.debug_frame
 *(.debug_frame)

.debug_str
 *(.debug_str)

.debug_loc
 *(.debug_loc)

.debug_macinfo
 *(.debug_macinfo)

.debug_weaknames
 *(.debug_weaknames)

.debug_funcnames
 *(.debug_funcnames)

.debug_typenames
 *(.debug_typenames)

.debug_varnames
 *(.debug_varnames)

.debug_pubtypes
 *(.debug_pubtypes)

.debug_ranges
 *(.debug_ranges)

.debug_macro
 *(.debug_macro)
OUTPUT(uart_rxtx.elf elf32-avr)
LOAD linker stubs
