Archive member included to satisfy reference by file (symbol)

/usr/lib/gcc/avr/4.9.2/avr51/libgcc.a(_divmodhi4.o)
                              lab4.o (__divmodhi4)
/usr/lib/gcc/avr/4.9.2/avr51/libgcc.a(_divmodsi4.o)
                              hd44780.o (__divmodsi4)
/usr/lib/gcc/avr/4.9.2/avr51/libgcc.a(_negsi2.o)
                              /usr/lib/gcc/avr/4.9.2/avr51/libgcc.a(_divmodsi4.o) (__negsi2)
/usr/lib/gcc/avr/4.9.2/avr51/libgcc.a(_exit.o)
                              /usr/lib/gcc/avr/4.9.2/../../../avr/lib/avr51/crtatmega128.o (exit)
/usr/lib/gcc/avr/4.9.2/avr51/libgcc.a(_tablejump2.o)
                              twi_master.o (__tablejump2__)
/usr/lib/gcc/avr/4.9.2/avr51/libgcc.a(_copy_data.o)
                              lab4.o (__do_copy_data)
/usr/lib/gcc/avr/4.9.2/avr51/libgcc.a(_clear_bss.o)
                              lab4.o (__do_clear_bss)
/usr/lib/gcc/avr/4.9.2/avr51/libgcc.a(_umulhisi3.o)
                              lab4.o (__umulhisi3)
/usr/lib/gcc/avr/4.9.2/avr51/libgcc.a(_udivmodhi4.o)
                              /usr/lib/gcc/avr/4.9.2/avr51/libgcc.a(_divmodhi4.o) (__udivmodhi4)
/usr/lib/gcc/avr/4.9.2/avr51/libgcc.a(_udivmodsi4.o)
                              /usr/lib/gcc/avr/4.9.2/avr51/libgcc.a(_divmodsi4.o) (__udivmodsi4)
/usr/lib/gcc/avr/4.9.2/../../../avr/lib/avr51/libc.a(strcmp.o)
                              lab4.o (strcmp)
/usr/lib/gcc/avr/4.9.2/../../../avr/lib/avr51/libc.a(strcpy.o)
                              lab4.o (strcpy)
/usr/lib/gcc/avr/4.9.2/../../../avr/lib/avr51/libc.a(itoa_ncheck.o)
                              lab4.o (__itoa_ncheck)
/usr/lib/gcc/avr/4.9.2/../../../avr/lib/avr51/libc.a(utoa_ncheck.o)
                              /usr/lib/gcc/avr/4.9.2/../../../avr/lib/avr51/libc.a(itoa_ncheck.o) (__utoa_common)
/usr/lib/gcc/avr/4.9.2/../../../avr/lib/avr51/libc.a(strrev.o)
                              /usr/lib/gcc/avr/4.9.2/../../../avr/lib/avr51/libc.a(utoa_ncheck.o) (strrev)
/usr/lib/gcc/avr/4.9.2/../../../avr/lib/avr51/libatmega128.a(eerd_byte.o)
                              si4734.o (eeprom_read_byte)
/usr/lib/gcc/avr/4.9.2/../../../avr/lib/avr51/libatmega128.a(eerd_word.o)
                              si4734.o (eeprom_read_word)
/usr/lib/gcc/avr/4.9.2/../../../avr/lib/avr51/libatmega128.a(eewr_byte.o)
                              si4734.o (eeprom_write_byte)
/usr/lib/gcc/avr/4.9.2/../../../avr/lib/avr51/libatmega128.a(eewr_word.o)
                              si4734.o (eeprom_write_word)
/usr/lib/gcc/avr/4.9.2/../../../avr/lib/avr51/libatmega128.a(eerd_block.o)
                              /usr/lib/gcc/avr/4.9.2/../../../avr/lib/avr51/libatmega128.a(eerd_word.o) (eeprom_read_blraw)

Allocating common symbols
Common symbol       size              file

lcd_now             0x10              lab4.o
tmp                 0x2               lab4.o
eeprom_volume       0x1               si4734.o
edit_minutes        0x1               lab4.o
eeprom_fm_freq      0x2               si4734.o
rcv_rdy             0x1               lab4.o
uart_tx_buf         0x28              si4734.o
twi_state           0x1               twi_master.o
notes               0x1               lab4.o
twi_buf             0x2               twi_master.o
song                0x1               lab4.o
lcd_string_array    0x20              hd44780.o
si4734_wr_buf       0x9               si4734.o
lm73_wr_buf         0x2               lm73_functions.o
lm73_temp           0x2               lab4.o
si4734_tune_status_buf
                    0x8               si4734.o
eeprom_am_freq      0x2               si4734.o
max_beat            0x2               lab4.o
alarm               0x1               lab4.o
current_volume      0x1               si4734.o
si4734_revision_buf
                    0x10              si4734.o
twi_bus_addr        0x1               twi_master.o
lcd_str_l           0x5               lab4.o
beat                0x2               lab4.o
i                   0x1               lab4.o
lcd_str             0x10              hd44780.o
lcd_string          0x3               lab4.o
spdr_to_encoder     0x2               lab4.o
twi_msg_size        0x1               twi_master.o
current_am_freq     0x2               si4734.o
lcd_str_array       0x5               lab4.o
current_fm_freq     0x2               si4734.o
STC_interrupt       0x1               lab4.o
fp_low_result       0x4               lab4.o
current_sw_freq     0x2               si4734.o
lm73_rd_buf         0x2               lm73_functions.o
uart_rx_buf         0x28              si4734.o
cur_value           0x1               lab4.o
lcd_str_h           0x5               lab4.o
eeprom_sw_freq      0x2               si4734.o
si4734_rd_buf       0xf               si4734.o
lcd_old             0x10              lab4.o
edit_hour           0x1               lab4.o
rx_char             0x1               lab4.o
fp_adc_result       0x4               lab4.o

Memory Configuration

Name             Origin             Length             Attributes
text             0x0000000000000000 0x0000000000020000 xr
data             0x0000000000800100 0x000000000000ff00 rw !x
eeprom           0x0000000000810000 0x0000000000010000 rw !x
fuse             0x0000000000820000 0x0000000000000400 rw !x
lock             0x0000000000830000 0x0000000000000400 rw !x
signature        0x0000000000840000 0x0000000000000400 rw !x
user_signatures  0x0000000000850000 0x0000000000000400 rw !x
*default*        0x0000000000000000 0xffffffffffffffff

Linker script and memory map

Address of section .data set to 0x800100
LOAD /usr/lib/gcc/avr/4.9.2/../../../avr/lib/avr51/crtatmega128.o
LOAD lab4.o
LOAD si4734.o
LOAD twi_master.o
LOAD uart_functions.o
LOAD hd44780.o
LOAD music.o
LOAD lm73_functions.o
START GROUP
LOAD /usr/lib/gcc/avr/4.9.2/avr51/libgcc.a
LOAD /usr/lib/gcc/avr/4.9.2/../../../avr/lib/avr51/libm.a
LOAD /usr/lib/gcc/avr/4.9.2/../../../avr/lib/avr51/libc.a
LOAD /usr/lib/gcc/avr/4.9.2/../../../avr/lib/avr51/libatmega128.a
END GROUP

.hash
 *(.hash)

.dynsym
 *(.dynsym)

.dynstr
 *(.dynstr)

.gnu.version
 *(.gnu.version)

.gnu.version_d
 *(.gnu.version_d)

.gnu.version_r
 *(.gnu.version_r)

.rel.init
 *(.rel.init)

.rela.init
 *(.rela.init)

.rel.text
 *(.rel.text)
 *(.rel.text.*)
 *(.rel.gnu.linkonce.t*)

.rela.text
 *(.rela.text)
 *(.rela.text.*)
 *(.rela.gnu.linkonce.t*)

.rel.fini
 *(.rel.fini)

.rela.fini
 *(.rela.fini)

.rel.rodata
 *(.rel.rodata)
 *(.rel.rodata.*)
 *(.rel.gnu.linkonce.r*)

.rela.rodata
 *(.rela.rodata)
 *(.rela.rodata.*)
 *(.rela.gnu.linkonce.r*)

.rel.data
 *(.rel.data)
 *(.rel.data.*)
 *(.rel.gnu.linkonce.d*)

.rela.data
 *(.rela.data)
 *(.rela.data.*)
 *(.rela.gnu.linkonce.d*)

.rel.ctors
 *(.rel.ctors)

.rela.ctors
 *(.rela.ctors)

.rel.dtors
 *(.rel.dtors)

.rela.dtors
 *(.rela.dtors)

.rel.got
 *(.rel.got)

.rela.got
 *(.rela.got)

.rel.bss
 *(.rel.bss)

.rela.bss
 *(.rela.bss)

.rel.plt
 *(.rel.plt)

.rela.plt
 *(.rela.plt)

.text           0x0000000000000000     0x34c0
 *(.vectors)
 .vectors       0x0000000000000000       0x8c /usr/lib/gcc/avr/4.9.2/../../../avr/lib/avr51/crtatmega128.o
                0x0000000000000000                __vectors
                0x0000000000000000                __vector_default
 *(.vectors)
 *(.progmem.gcc*)
 .progmem.gcc_sw_table
                0x000000000000008c       0xa2 twi_master.o
 .progmem.gcc_sw_table
                0x000000000000012e      0x302 music.o
                0x0000000000000430                . = ALIGN (0x2)
                0x0000000000000430                __trampolines_start = .
 *(.trampolines)
 .trampolines   0x0000000000000430        0x0 linker stubs
 *(.trampolines*)
                0x0000000000000430                __trampolines_end = .
 *(.progmem*)
                0x0000000000000430                . = ALIGN (0x2)
 *(.jumptables)
 *(.jumptables*)
 *(.lowtext)
 *(.lowtext*)
                0x0000000000000430                __ctors_start = .
 *(.ctors)
                0x0000000000000430                __ctors_end = .
                0x0000000000000430                __dtors_start = .
 *(.dtors)
                0x0000000000000430                __dtors_end = .
 SORT(*)(.ctors)
 SORT(*)(.dtors)
 *(.init0)
 .init0         0x0000000000000430        0x0 /usr/lib/gcc/avr/4.9.2/../../../avr/lib/avr51/crtatmega128.o
                0x0000000000000430                __init
 *(.init0)
 *(.init1)
 *(.init1)
 *(.init2)
 .init2         0x0000000000000430        0xc /usr/lib/gcc/avr/4.9.2/../../../avr/lib/avr51/crtatmega128.o
 *(.init2)
 *(.init3)
 *(.init3)
 *(.init4)
 .init4         0x000000000000043c       0x1a /usr/lib/gcc/avr/4.9.2/avr51/libgcc.a(_copy_data.o)
                0x000000000000043c                __do_copy_data
 .init4         0x0000000000000456       0x10 /usr/lib/gcc/avr/4.9.2/avr51/libgcc.a(_clear_bss.o)
                0x0000000000000456                __do_clear_bss
 *(.init4)
 *(.init5)
 *(.init5)
 *(.init6)
 *(.init6)
 *(.init7)
 *(.init7)
 *(.init8)
 *(.init8)
 *(.init9)
 .init9         0x0000000000000466        0x8 /usr/lib/gcc/avr/4.9.2/../../../avr/lib/avr51/crtatmega128.o
 *(.init9)
 *(.text)
 .text          0x000000000000046e        0x4 /usr/lib/gcc/avr/4.9.2/../../../avr/lib/avr51/crtatmega128.o
                0x000000000000046e                __vector_22
                0x000000000000046e                __vector_28
                0x000000000000046e                __vector_1
                0x000000000000046e                __vector_32
                0x000000000000046e                __vector_34
                0x000000000000046e                __vector_24
                0x000000000000046e                __bad_interrupt
                0x000000000000046e                __vector_6
                0x000000000000046e                __vector_31
                0x000000000000046e                __vector_3
                0x000000000000046e                __vector_23
                0x000000000000046e                __vector_30
                0x000000000000046e                __vector_25
                0x000000000000046e                __vector_11
                0x000000000000046e                __vector_13
                0x000000000000046e                __vector_17
                0x000000000000046e                __vector_19
                0x000000000000046e                __vector_7
                0x000000000000046e                __vector_27
                0x000000000000046e                __vector_5
                0x000000000000046e                __vector_4
                0x000000000000046e                __vector_9
                0x000000000000046e                __vector_2
                0x000000000000046e                __vector_15
                0x000000000000046e                __vector_29
                0x000000000000046e                __vector_26
                0x000000000000046e                __vector_14
                0x000000000000046e                __vector_20
 .text          0x0000000000000472      0xa1c lab4.o
                0x0000000000000472                __vector_8
                0x0000000000000490                spi_init
                0x00000000000004a0                get_48
                0x00000000000004ba                get_128
                0x0000000000000542                display_freq
                0x000000000000061c                display_alarm
                0x000000000000078e                display_digits
                0x0000000000000900                Button
                0x00000000000009e6                encoder
                0x0000000000000aca                checker
                0x0000000000000b2a                alarm_check
                0x0000000000000b50                lcd_control
                0x0000000000000c10                __vector_10
                0x0000000000000c24                __vector_18
                0x0000000000000c80                __vector_21
                0x0000000000000ca4                __vector_12
                0x0000000000000d22                __vector_16
 .text          0x0000000000000e8e      0x55a si4734.o
                0x0000000000000e8e                get_int_status
                0x0000000000000ece                fm_tune_freq
                0x0000000000000f06                am_tune_freq
                0x0000000000000f42                sw_tune_freq
                0x0000000000000f7c                radio_pwr_dwn
                0x0000000000000ff0                fm_rsq_status
                0x0000000000001032                fm_tune_status
                0x0000000000001074                am_tune_status
                0x00000000000010ac                am_rsq_status
                0x00000000000010e4                set_property
                0x000000000000110e                fm_pwr_up
                0x0000000000001162                am_pwr_up
                0x00000000000011b6                sw_pwr_up
                0x0000000000001222                get_rev
                0x00000000000012b4                get_fm_rsq_status
 .text          0x00000000000013e8      0x17c twi_master.o
                0x00000000000013e8                __vector_33
                0x0000000000001506                twi_busy
                0x000000000000150e                twi_start_wr
                0x0000000000001530                twi_start_rd
                0x0000000000001552                init_twi
 .text          0x0000000000001564       0x7e uart_functions.o
                0x0000000000001564                uart_putc
                0x0000000000001570                uart_puts
                0x000000000000158c                uart_puts_p
                0x00000000000015b2                uart_init
                0x00000000000015cc                uart_getc
 .text          0x00000000000015e2      0x61e hd44780.o
                0x00000000000015e2                send_lcd
                0x000000000000160c                refresh_lcd
                0x0000000000001664                set_custom_character
                0x00000000000016c6                set_cursor
                0x00000000000016d6                uint2lcd
                0x0000000000001754                int2lcd
                0x000000000000177c                cursor_on
                0x0000000000001784                cursor_off
                0x000000000000178c                shift_right
                0x0000000000001794                shift_left
                0x000000000000179c                strobe_lcd
                0x00000000000017ae                clear_display
                0x00000000000017c4                cursor_home
                0x00000000000017da                line2_col1
                0x00000000000017e2                line1_col1
                0x00000000000017ea                fill_spaces
                0x0000000000001806                char2lcd
                0x000000000000180e                string2lcd
                0x0000000000001858                lcd_init
                0x000000000000190c                lcd_int32
                0x0000000000001a80                lcd_int16
 .text          0x0000000000001c00     0x14ba music.o
                0x0000000000001c00                play_rest
                0x0000000000001c16                play_note
                0x0000000000002252                song0
                0x000000000000241a                song1
                0x00000000000025e2                song2
                0x0000000000002f5a                song3
                0x0000000000003026                play_song
                0x0000000000003054                music_off
                0x0000000000003062                music_on
                0x000000000000307a                music_init
 .text          0x00000000000030ba        0x0 lm73_functions.o
 .text          0x00000000000030ba        0x0 /usr/lib/gcc/avr/4.9.2/avr51/libgcc.a(_divmodhi4.o)
 .text          0x00000000000030ba        0x0 /usr/lib/gcc/avr/4.9.2/avr51/libgcc.a(_divmodsi4.o)
 .text          0x00000000000030ba        0x0 /usr/lib/gcc/avr/4.9.2/avr51/libgcc.a(_negsi2.o)
 .text          0x00000000000030ba        0x0 /usr/lib/gcc/avr/4.9.2/avr51/libgcc.a(_exit.o)
 .text          0x00000000000030ba        0x0 /usr/lib/gcc/avr/4.9.2/avr51/libgcc.a(_tablejump2.o)
 .text          0x00000000000030ba        0x0 /usr/lib/gcc/avr/4.9.2/avr51/libgcc.a(_copy_data.o)
 .text          0x00000000000030ba        0x0 /usr/lib/gcc/avr/4.9.2/avr51/libgcc.a(_clear_bss.o)
 .text          0x00000000000030ba        0x0 /usr/lib/gcc/avr/4.9.2/avr51/libgcc.a(_umulhisi3.o)
 .text          0x00000000000030ba        0x0 /usr/lib/gcc/avr/4.9.2/avr51/libgcc.a(_udivmodhi4.o)
 .text          0x00000000000030ba        0x0 /usr/lib/gcc/avr/4.9.2/avr51/libgcc.a(_udivmodsi4.o)
 .text          0x00000000000030ba        0x0 /usr/lib/gcc/avr/4.9.2/../../../avr/lib/avr51/libc.a(strcmp.o)
 .text          0x00000000000030ba        0x0 /usr/lib/gcc/avr/4.9.2/../../../avr/lib/avr51/libc.a(strcpy.o)
 .text          0x00000000000030ba        0x0 /usr/lib/gcc/avr/4.9.2/../../../avr/lib/avr51/libc.a(itoa_ncheck.o)
 .text          0x00000000000030ba        0x0 /usr/lib/gcc/avr/4.9.2/../../../avr/lib/avr51/libc.a(utoa_ncheck.o)
 .text          0x00000000000030ba        0x0 /usr/lib/gcc/avr/4.9.2/../../../avr/lib/avr51/libc.a(strrev.o)
 .text          0x00000000000030ba        0x0 /usr/lib/gcc/avr/4.9.2/../../../avr/lib/avr51/libatmega128.a(eerd_byte.o)
 .text          0x00000000000030ba        0x0 /usr/lib/gcc/avr/4.9.2/../../../avr/lib/avr51/libatmega128.a(eerd_word.o)
 .text          0x00000000000030ba        0x0 /usr/lib/gcc/avr/4.9.2/../../../avr/lib/avr51/libatmega128.a(eewr_byte.o)
 .text          0x00000000000030ba        0x0 /usr/lib/gcc/avr/4.9.2/../../../avr/lib/avr51/libatmega128.a(eewr_word.o)
 .text          0x00000000000030ba        0x0 /usr/lib/gcc/avr/4.9.2/../../../avr/lib/avr51/libatmega128.a(eerd_block.o)
                0x00000000000030ba                . = ALIGN (0x2)
 *(.text.*)
 .text.startup  0x00000000000030ba      0x216 lab4.o
                0x00000000000030ba                main
 .text.libgcc.mul
                0x00000000000032d0        0x0 /usr/lib/gcc/avr/4.9.2/avr51/libgcc.a(_divmodhi4.o)
 .text.libgcc.div
                0x00000000000032d0       0x28 /usr/lib/gcc/avr/4.9.2/avr51/libgcc.a(_divmodhi4.o)
                0x00000000000032d0                __divmodhi4
                0x00000000000032d0                _div
 .text.libgcc   0x00000000000032f8        0x0 /usr/lib/gcc/avr/4.9.2/avr51/libgcc.a(_divmodhi4.o)
 .text.libgcc.prologue
                0x00000000000032f8        0x0 /usr/lib/gcc/avr/4.9.2/avr51/libgcc.a(_divmodhi4.o)
 .text.libgcc.builtins
                0x00000000000032f8        0x0 /usr/lib/gcc/avr/4.9.2/avr51/libgcc.a(_divmodhi4.o)
 .text.libgcc.fmul
                0x00000000000032f8        0x0 /usr/lib/gcc/avr/4.9.2/avr51/libgcc.a(_divmodhi4.o)
 .text.libgcc.fixed
                0x00000000000032f8        0x0 /usr/lib/gcc/avr/4.9.2/avr51/libgcc.a(_divmodhi4.o)
 .text.libgcc.mul
                0x00000000000032f8        0x0 /usr/lib/gcc/avr/4.9.2/avr51/libgcc.a(_divmodsi4.o)
 .text.libgcc.div
                0x00000000000032f8       0x2e /usr/lib/gcc/avr/4.9.2/avr51/libgcc.a(_divmodsi4.o)
                0x00000000000032f8                __divmodsi4
 .text.libgcc   0x0000000000003326        0x0 /usr/lib/gcc/avr/4.9.2/avr51/libgcc.a(_divmodsi4.o)
 .text.libgcc.prologue
                0x0000000000003326        0x0 /usr/lib/gcc/avr/4.9.2/avr51/libgcc.a(_divmodsi4.o)
 .text.libgcc.builtins
                0x0000000000003326        0x0 /usr/lib/gcc/avr/4.9.2/avr51/libgcc.a(_divmodsi4.o)
 .text.libgcc.fmul
                0x0000000000003326        0x0 /usr/lib/gcc/avr/4.9.2/avr51/libgcc.a(_divmodsi4.o)
 .text.libgcc.fixed
                0x0000000000003326        0x0 /usr/lib/gcc/avr/4.9.2/avr51/libgcc.a(_divmodsi4.o)
 .text.libgcc.mul
                0x0000000000003326        0x0 /usr/lib/gcc/avr/4.9.2/avr51/libgcc.a(_negsi2.o)
 .text.libgcc.div
                0x0000000000003326       0x10 /usr/lib/gcc/avr/4.9.2/avr51/libgcc.a(_negsi2.o)
                0x0000000000003326                __negsi2
 .text.libgcc   0x0000000000003336        0x0 /usr/lib/gcc/avr/4.9.2/avr51/libgcc.a(_negsi2.o)
 .text.libgcc.prologue
                0x0000000000003336        0x0 /usr/lib/gcc/avr/4.9.2/avr51/libgcc.a(_negsi2.o)
 .text.libgcc.builtins
                0x0000000000003336        0x0 /usr/lib/gcc/avr/4.9.2/avr51/libgcc.a(_negsi2.o)
 .text.libgcc.fmul
                0x0000000000003336        0x0 /usr/lib/gcc/avr/4.9.2/avr51/libgcc.a(_negsi2.o)
 .text.libgcc.fixed
                0x0000000000003336        0x0 /usr/lib/gcc/avr/4.9.2/avr51/libgcc.a(_negsi2.o)
 .text.libgcc.mul
                0x0000000000003336        0x0 /usr/lib/gcc/avr/4.9.2/avr51/libgcc.a(_exit.o)
 .text.libgcc.div
                0x0000000000003336        0x0 /usr/lib/gcc/avr/4.9.2/avr51/libgcc.a(_exit.o)
 .text.libgcc   0x0000000000003336        0x0 /usr/lib/gcc/avr/4.9.2/avr51/libgcc.a(_exit.o)
 .text.libgcc.prologue
                0x0000000000003336        0x0 /usr/lib/gcc/avr/4.9.2/avr51/libgcc.a(_exit.o)
 .text.libgcc.builtins
                0x0000000000003336        0x0 /usr/lib/gcc/avr/4.9.2/avr51/libgcc.a(_exit.o)
 .text.libgcc.fmul
                0x0000000000003336        0x0 /usr/lib/gcc/avr/4.9.2/avr51/libgcc.a(_exit.o)
 .text.libgcc.fixed
                0x0000000000003336        0x0 /usr/lib/gcc/avr/4.9.2/avr51/libgcc.a(_exit.o)
 .text.libgcc.mul
                0x0000000000003336        0x0 /usr/lib/gcc/avr/4.9.2/avr51/libgcc.a(_tablejump2.o)
 .text.libgcc.div
                0x0000000000003336        0x0 /usr/lib/gcc/avr/4.9.2/avr51/libgcc.a(_tablejump2.o)
 .text.libgcc   0x0000000000003336       0x12 /usr/lib/gcc/avr/4.9.2/avr51/libgcc.a(_tablejump2.o)
                0x0000000000003336                __tablejump2__
 .text.libgcc.prologue
                0x0000000000003348        0x0 /usr/lib/gcc/avr/4.9.2/avr51/libgcc.a(_tablejump2.o)
 .text.libgcc.builtins
                0x0000000000003348        0x0 /usr/lib/gcc/avr/4.9.2/avr51/libgcc.a(_tablejump2.o)
 .text.libgcc.fmul
                0x0000000000003348        0x0 /usr/lib/gcc/avr/4.9.2/avr51/libgcc.a(_tablejump2.o)
 .text.libgcc.fixed
                0x0000000000003348        0x0 /usr/lib/gcc/avr/4.9.2/avr51/libgcc.a(_tablejump2.o)
 .text.libgcc.mul
                0x0000000000003348        0x0 /usr/lib/gcc/avr/4.9.2/avr51/libgcc.a(_copy_data.o)
 .text.libgcc.div
                0x0000000000003348        0x0 /usr/lib/gcc/avr/4.9.2/avr51/libgcc.a(_copy_data.o)
 .text.libgcc   0x0000000000003348        0x0 /usr/lib/gcc/avr/4.9.2/avr51/libgcc.a(_copy_data.o)
 .text.libgcc.prologue
                0x0000000000003348        0x0 /usr/lib/gcc/avr/4.9.2/avr51/libgcc.a(_copy_data.o)
 .text.libgcc.builtins
                0x0000000000003348        0x0 /usr/lib/gcc/avr/4.9.2/avr51/libgcc.a(_copy_data.o)
 .text.libgcc.fmul
                0x0000000000003348        0x0 /usr/lib/gcc/avr/4.9.2/avr51/libgcc.a(_copy_data.o)
 .text.libgcc.fixed
                0x0000000000003348        0x0 /usr/lib/gcc/avr/4.9.2/avr51/libgcc.a(_copy_data.o)
 .text.libgcc.mul
                0x0000000000003348        0x0 /usr/lib/gcc/avr/4.9.2/avr51/libgcc.a(_clear_bss.o)
 .text.libgcc.div
                0x0000000000003348        0x0 /usr/lib/gcc/avr/4.9.2/avr51/libgcc.a(_clear_bss.o)
 .text.libgcc   0x0000000000003348        0x0 /usr/lib/gcc/avr/4.9.2/avr51/libgcc.a(_clear_bss.o)
 .text.libgcc.prologue
                0x0000000000003348        0x0 /usr/lib/gcc/avr/4.9.2/avr51/libgcc.a(_clear_bss.o)
 .text.libgcc.builtins
                0x0000000000003348        0x0 /usr/lib/gcc/avr/4.9.2/avr51/libgcc.a(_clear_bss.o)
 .text.libgcc.fmul
                0x0000000000003348        0x0 /usr/lib/gcc/avr/4.9.2/avr51/libgcc.a(_clear_bss.o)
 .text.libgcc.fixed
                0x0000000000003348        0x0 /usr/lib/gcc/avr/4.9.2/avr51/libgcc.a(_clear_bss.o)
 .text.libgcc.mul
                0x0000000000003348       0x1e /usr/lib/gcc/avr/4.9.2/avr51/libgcc.a(_umulhisi3.o)
                0x0000000000003348                __umulhisi3
 .text.libgcc.div
                0x0000000000003366        0x0 /usr/lib/gcc/avr/4.9.2/avr51/libgcc.a(_umulhisi3.o)
 .text.libgcc   0x0000000000003366        0x0 /usr/lib/gcc/avr/4.9.2/avr51/libgcc.a(_umulhisi3.o)
 .text.libgcc.prologue
                0x0000000000003366        0x0 /usr/lib/gcc/avr/4.9.2/avr51/libgcc.a(_umulhisi3.o)
 .text.libgcc.builtins
                0x0000000000003366        0x0 /usr/lib/gcc/avr/4.9.2/avr51/libgcc.a(_umulhisi3.o)
 .text.libgcc.fmul
                0x0000000000003366        0x0 /usr/lib/gcc/avr/4.9.2/avr51/libgcc.a(_umulhisi3.o)
 .text.libgcc.fixed
                0x0000000000003366        0x0 /usr/lib/gcc/avr/4.9.2/avr51/libgcc.a(_umulhisi3.o)
 .text.libgcc.mul
                0x0000000000003366        0x0 /usr/lib/gcc/avr/4.9.2/avr51/libgcc.a(_udivmodhi4.o)
 .text.libgcc.div
                0x0000000000003366       0x28 /usr/lib/gcc/avr/4.9.2/avr51/libgcc.a(_udivmodhi4.o)
                0x0000000000003366                __udivmodhi4
 .text.libgcc   0x000000000000338e        0x0 /usr/lib/gcc/avr/4.9.2/avr51/libgcc.a(_udivmodhi4.o)
 .text.libgcc.prologue
                0x000000000000338e        0x0 /usr/lib/gcc/avr/4.9.2/avr51/libgcc.a(_udivmodhi4.o)
 .text.libgcc.builtins
                0x000000000000338e        0x0 /usr/lib/gcc/avr/4.9.2/avr51/libgcc.a(_udivmodhi4.o)
 .text.libgcc.fmul
                0x000000000000338e        0x0 /usr/lib/gcc/avr/4.9.2/avr51/libgcc.a(_udivmodhi4.o)
 .text.libgcc.fixed
                0x000000000000338e        0x0 /usr/lib/gcc/avr/4.9.2/avr51/libgcc.a(_udivmodhi4.o)
 .text.libgcc.mul
                0x000000000000338e        0x0 /usr/lib/gcc/avr/4.9.2/avr51/libgcc.a(_udivmodsi4.o)
 .text.libgcc.div
                0x000000000000338e       0x44 /usr/lib/gcc/avr/4.9.2/avr51/libgcc.a(_udivmodsi4.o)
                0x000000000000338e                __udivmodsi4
 .text.libgcc   0x00000000000033d2        0x0 /usr/lib/gcc/avr/4.9.2/avr51/libgcc.a(_udivmodsi4.o)
 .text.libgcc.prologue
                0x00000000000033d2        0x0 /usr/lib/gcc/avr/4.9.2/avr51/libgcc.a(_udivmodsi4.o)
 .text.libgcc.builtins
                0x00000000000033d2        0x0 /usr/lib/gcc/avr/4.9.2/avr51/libgcc.a(_udivmodsi4.o)
 .text.libgcc.fmul
                0x00000000000033d2        0x0 /usr/lib/gcc/avr/4.9.2/avr51/libgcc.a(_udivmodsi4.o)
 .text.libgcc.fixed
                0x00000000000033d2        0x0 /usr/lib/gcc/avr/4.9.2/avr51/libgcc.a(_udivmodsi4.o)
 .text.avr-libc
                0x00000000000033d2       0x12 /usr/lib/gcc/avr/4.9.2/../../../avr/lib/avr51/libc.a(strcmp.o)
                0x00000000000033d2                strcmp
 .text.avr-libc
                0x00000000000033e4        0xe /usr/lib/gcc/avr/4.9.2/../../../avr/lib/avr51/libc.a(strcpy.o)
                0x00000000000033e4                strcpy
 .text.avr-libc
                0x00000000000033f2       0x16 /usr/lib/gcc/avr/4.9.2/../../../avr/lib/avr51/libc.a(itoa_ncheck.o)
                0x00000000000033f2                __itoa_ncheck
 .text.avr-libc
                0x0000000000003408       0x34 /usr/lib/gcc/avr/4.9.2/../../../avr/lib/avr51/libc.a(utoa_ncheck.o)
                0x0000000000003408                __utoa_ncheck
                0x000000000000340a                __utoa_common
 .text.avr-libc
                0x000000000000343c       0x20 /usr/lib/gcc/avr/4.9.2/../../../avr/lib/avr51/libc.a(strrev.o)
                0x000000000000343c                strrev
 .text.avr-libc
                0x000000000000345c       0x10 /usr/lib/gcc/avr/4.9.2/../../../avr/lib/avr51/libatmega128.a(eerd_byte.o)
                0x000000000000345c                eeprom_read_byte
 .text.avr-libc
                0x000000000000346c        0xc /usr/lib/gcc/avr/4.9.2/../../../avr/lib/avr51/libatmega128.a(eerd_word.o)
                0x000000000000346c                eeprom_read_word
 .text.avr-libc
                0x0000000000003478       0x1a /usr/lib/gcc/avr/4.9.2/../../../avr/lib/avr51/libatmega128.a(eewr_byte.o)
                0x0000000000003478                eeprom_write_byte
                0x000000000000347a                eeprom_write_r18
 .text.avr-libc
                0x0000000000003492        0xa /usr/lib/gcc/avr/4.9.2/../../../avr/lib/avr51/libatmega128.a(eewr_word.o)
                0x0000000000003492                eeprom_write_word
 .text.avr-libc
                0x000000000000349c       0x20 /usr/lib/gcc/avr/4.9.2/../../../avr/lib/avr51/libatmega128.a(eerd_block.o)
                0x000000000000349c                eeprom_read_block
                0x00000000000034a0                eeprom_read_blraw
                0x00000000000034bc                . = ALIGN (0x2)
 *(.fini9)
 .fini9         0x00000000000034bc        0x0 /usr/lib/gcc/avr/4.9.2/avr51/libgcc.a(_exit.o)
                0x00000000000034bc                exit
                0x00000000000034bc                _exit
 *(.fini9)
 *(.fini8)
 *(.fini8)
 *(.fini7)
 *(.fini7)
 *(.fini6)
 *(.fini6)
 *(.fini5)
 *(.fini5)
 *(.fini4)
 *(.fini4)
 *(.fini3)
 *(.fini3)
 *(.fini2)
 *(.fini2)
 *(.fini1)
 *(.fini1)
 *(.fini0)
 .fini0         0x00000000000034bc        0x4 /usr/lib/gcc/avr/4.9.2/avr51/libgcc.a(_exit.o)
 *(.fini0)
                0x00000000000034c0                _etext = .

.data           0x0000000000800100      0x144 load address 0x00000000000034c0
                0x0000000000800100                PROVIDE (__data_start, .)
 *(.data)
 .data          0x0000000000800100        0x0 /usr/lib/gcc/avr/4.9.2/../../../avr/lib/avr51/crtatmega128.o
 .data          0x0000000000800100       0x29 lab4.o
                0x0000000000800100                decoder_select
                0x0000000000800106                sev_seg_digits_hex
                0x0000000000800116                sev_seg_digits
                0x0000000000800120                vol_n
                0x0000000000800122                adcr
                0x0000000000800123                alarm_minutes
                0x0000000000800124                alarm_hours
                0x0000000000800125                hours
                0x0000000000800126                nothing
                0x0000000000800127                NotTouched
 .data          0x0000000000800129        0x0 si4734.o
 .data          0x0000000000800129        0x0 twi_master.o
 .data          0x0000000000800129        0x0 uart_functions.o
 .data          0x0000000000800129        0x0 hd44780.o
 .data          0x0000000000800129        0x0 music.o
 .data          0x0000000000800129        0x0 lm73_functions.o
 .data          0x0000000000800129        0x0 /usr/lib/gcc/avr/4.9.2/avr51/libgcc.a(_divmodhi4.o)
 .data          0x0000000000800129        0x0 /usr/lib/gcc/avr/4.9.2/avr51/libgcc.a(_divmodsi4.o)
 .data          0x0000000000800129        0x0 /usr/lib/gcc/avr/4.9.2/avr51/libgcc.a(_negsi2.o)
 .data          0x0000000000800129        0x0 /usr/lib/gcc/avr/4.9.2/avr51/libgcc.a(_exit.o)
 .data          0x0000000000800129        0x0 /usr/lib/gcc/avr/4.9.2/avr51/libgcc.a(_tablejump2.o)
 .data          0x0000000000800129        0x0 /usr/lib/gcc/avr/4.9.2/avr51/libgcc.a(_copy_data.o)
 .data          0x0000000000800129        0x0 /usr/lib/gcc/avr/4.9.2/avr51/libgcc.a(_clear_bss.o)
 .data          0x0000000000800129        0x0 /usr/lib/gcc/avr/4.9.2/avr51/libgcc.a(_umulhisi3.o)
 .data          0x0000000000800129        0x0 /usr/lib/gcc/avr/4.9.2/avr51/libgcc.a(_udivmodhi4.o)
 .data          0x0000000000800129        0x0 /usr/lib/gcc/avr/4.9.2/avr51/libgcc.a(_udivmodsi4.o)
 .data          0x0000000000800129        0x0 /usr/lib/gcc/avr/4.9.2/../../../avr/lib/avr51/libc.a(strcmp.o)
 .data          0x0000000000800129        0x0 /usr/lib/gcc/avr/4.9.2/../../../avr/lib/avr51/libc.a(strcpy.o)
 .data          0x0000000000800129        0x0 /usr/lib/gcc/avr/4.9.2/../../../avr/lib/avr51/libc.a(itoa_ncheck.o)
 .data          0x0000000000800129        0x0 /usr/lib/gcc/avr/4.9.2/../../../avr/lib/avr51/libc.a(utoa_ncheck.o)
 .data          0x0000000000800129        0x0 /usr/lib/gcc/avr/4.9.2/../../../avr/lib/avr51/libc.a(strrev.o)
 .data          0x0000000000800129        0x0 /usr/lib/gcc/avr/4.9.2/../../../avr/lib/avr51/libatmega128.a(eerd_byte.o)
 .data          0x0000000000800129        0x0 /usr/lib/gcc/avr/4.9.2/../../../avr/lib/avr51/libatmega128.a(eerd_word.o)
 .data          0x0000000000800129        0x0 /usr/lib/gcc/avr/4.9.2/../../../avr/lib/avr51/libatmega128.a(eewr_byte.o)
 .data          0x0000000000800129        0x0 /usr/lib/gcc/avr/4.9.2/../../../avr/lib/avr51/libatmega128.a(eewr_word.o)
 .data          0x0000000000800129        0x0 /usr/lib/gcc/avr/4.9.2/../../../avr/lib/avr51/libatmega128.a(eerd_block.o)
 *(.data*)
 *(.rodata)
 *(.rodata*)
 .rodata.str1.1
                0x0000000000800129       0x1d lab4.o
                                         0x29 (size before relaxing)
 .rodata.str1.1
                0x0000000000800146       0xfd si4734.o
                                        0x10e (size before relaxing)
 *(.gnu.linkonce.d*)
                0x0000000000800244                . = ALIGN (0x2)
 *fill*         0x0000000000800243        0x1 
                0x0000000000800244                _edata = .
                0x0000000000800244                PROVIDE (__data_end, .)

.bss            0x0000000000800244      0x130
                0x0000000000800244                PROVIDE (__bss_start, .)
 *(.bss)
 .bss           0x0000000000800244        0x0 /usr/lib/gcc/avr/4.9.2/../../../avr/lib/avr51/crtatmega128.o
 .bss           0x0000000000800244       0x17 lab4.o
                0x0000000000800244                send_seq
                0x0000000000800245                fix2
                0x0000000000800247                radio
                0x0000000000800248                temp2
                0x0000000000800249                temp
                0x000000000080024a                fix
                0x000000000080024b                vol_o
                0x000000000080024d                lcd_fix
                0x000000000080024e                cur_digit
                0x000000000080024f                alarmON
                0x0000000000800250                minutes
                0x0000000000800251                sec
                0x0000000000800252                encoder2
                0x0000000000800253                encoder1
                0x0000000000800254                OE2
                0x0000000000800255                OE1
                0x0000000000800256                BARAGRAPH
                0x0000000000800257                SavedPORTA_Value
                0x0000000000800259                counter
 .bss           0x000000000080025b        0x2 si4734.o
                0x000000000080025b                current_radio_band
 .bss           0x000000000080025d        0x1 twi_master.o
 .bss           0x000000000080025e        0x0 uart_functions.o
 .bss           0x000000000080025e        0x1 hd44780.o
 .bss           0x000000000080025f        0x0 music.o
 .bss           0x000000000080025f        0x0 lm73_functions.o
 .bss           0x000000000080025f        0x0 /usr/lib/gcc/avr/4.9.2/avr51/libgcc.a(_divmodhi4.o)
 .bss           0x000000000080025f        0x0 /usr/lib/gcc/avr/4.9.2/avr51/libgcc.a(_divmodsi4.o)
 .bss           0x000000000080025f        0x0 /usr/lib/gcc/avr/4.9.2/avr51/libgcc.a(_negsi2.o)
 .bss           0x000000000080025f        0x0 /usr/lib/gcc/avr/4.9.2/avr51/libgcc.a(_exit.o)
 .bss           0x000000000080025f        0x0 /usr/lib/gcc/avr/4.9.2/avr51/libgcc.a(_tablejump2.o)
 .bss           0x000000000080025f        0x0 /usr/lib/gcc/avr/4.9.2/avr51/libgcc.a(_copy_data.o)
 .bss           0x000000000080025f        0x0 /usr/lib/gcc/avr/4.9.2/avr51/libgcc.a(_clear_bss.o)
 .bss           0x000000000080025f        0x0 /usr/lib/gcc/avr/4.9.2/avr51/libgcc.a(_umulhisi3.o)
 .bss           0x000000000080025f        0x0 /usr/lib/gcc/avr/4.9.2/avr51/libgcc.a(_udivmodhi4.o)
 .bss           0x000000000080025f        0x0 /usr/lib/gcc/avr/4.9.2/avr51/libgcc.a(_udivmodsi4.o)
 .bss           0x000000000080025f        0x0 /usr/lib/gcc/avr/4.9.2/../../../avr/lib/avr51/libc.a(strcmp.o)
 .bss           0x000000000080025f        0x0 /usr/lib/gcc/avr/4.9.2/../../../avr/lib/avr51/libc.a(strcpy.o)
 .bss           0x000000000080025f        0x0 /usr/lib/gcc/avr/4.9.2/../../../avr/lib/avr51/libc.a(itoa_ncheck.o)
 .bss           0x000000000080025f        0x0 /usr/lib/gcc/avr/4.9.2/../../../avr/lib/avr51/libc.a(utoa_ncheck.o)
 .bss           0x000000000080025f        0x0 /usr/lib/gcc/avr/4.9.2/../../../avr/lib/avr51/libc.a(strrev.o)
 .bss           0x000000000080025f        0x0 /usr/lib/gcc/avr/4.9.2/../../../avr/lib/avr51/libatmega128.a(eerd_byte.o)
 .bss           0x000000000080025f        0x0 /usr/lib/gcc/avr/4.9.2/../../../avr/lib/avr51/libatmega128.a(eerd_word.o)
 .bss           0x000000000080025f        0x0 /usr/lib/gcc/avr/4.9.2/../../../avr/lib/avr51/libatmega128.a(eewr_byte.o)
 .bss           0x000000000080025f        0x0 /usr/lib/gcc/avr/4.9.2/../../../avr/lib/avr51/libatmega128.a(eewr_word.o)
 .bss           0x000000000080025f        0x0 /usr/lib/gcc/avr/4.9.2/../../../avr/lib/avr51/libatmega128.a(eerd_block.o)
 *(.bss*)
 *(COMMON)
 COMMON         0x000000000080025f       0x4e lab4.o
                0x000000000080025f                lcd_now
                0x000000000080026f                tmp
                0x0000000000800271                edit_minutes
                0x0000000000800272                rcv_rdy
                0x0000000000800273                notes
                0x0000000000800274                song
                0x0000000000800275                lm73_temp
                0x0000000000800277                max_beat
                0x0000000000800279                alarm
                0x000000000080027a                lcd_str_l
                0x000000000080027f                beat
                0x0000000000800281                i
                0x0000000000800282                lcd_string
                0x0000000000800285                spdr_to_encoder
                0x0000000000800287                lcd_str_array
                0x000000000080028c                STC_interrupt
                0x000000000080028d                fp_low_result
                0x0000000000800291                cur_value
                0x0000000000800292                lcd_str_h
                0x0000000000800297                lcd_old
                0x00000000008002a7                edit_hour
                0x00000000008002a8                rx_char
                0x00000000008002a9                fp_adc_result
 COMMON         0x00000000008002ad       0x8e si4734.o
                0x00000000008002ad                eeprom_volume
                0x00000000008002ae                eeprom_fm_freq
                0x00000000008002b0                uart_tx_buf
                0x00000000008002d8                si4734_wr_buf
                0x00000000008002e1                si4734_tune_status_buf
                0x00000000008002e9                eeprom_am_freq
                0x00000000008002eb                current_volume
                0x00000000008002ec                si4734_revision_buf
                0x00000000008002fc                current_am_freq
                0x00000000008002fe                current_fm_freq
                0x0000000000800300                current_sw_freq
                0x0000000000800302                uart_rx_buf
                0x000000000080032a                eeprom_sw_freq
                0x000000000080032c                si4734_rd_buf
 COMMON         0x000000000080033b        0x5 twi_master.o
                0x000000000080033b                twi_state
                0x000000000080033c                twi_buf
                0x000000000080033e                twi_bus_addr
                0x000000000080033f                twi_msg_size
 COMMON         0x0000000000800340       0x30 hd44780.o
                0x0000000000800340                lcd_string_array
                0x0000000000800360                lcd_str
 COMMON         0x0000000000800370        0x4 lm73_functions.o
                0x0000000000800370                lm73_wr_buf
                0x0000000000800372                lm73_rd_buf
                0x0000000000800374                PROVIDE (__bss_end, .)
                0x00000000000034c0                __data_load_start = LOADADDR (.data)
                0x0000000000003604                __data_load_end = (__data_load_start + SIZEOF (.data))

.noinit         0x0000000000800374        0x0
                0x0000000000800374                PROVIDE (__noinit_start, .)
 *(.noinit*)
                0x0000000000800374                PROVIDE (__noinit_end, .)
                0x0000000000800374                _end = .
                0x0000000000800374                PROVIDE (__heap_start, .)

.eeprom         0x0000000000810000        0x0
 *(.eeprom*)
                0x0000000000810000                __eeprom_end = .

.fuse
 *(.fuse)
 *(.lfuse)
 *(.hfuse)
 *(.efuse)

.lock
 *(.lock*)

.signature
 *(.signature*)

.user_signatures
 *(.user_signatures*)

.stab           0x0000000000000000     0x6dc8
 *(.stab)
 .stab          0x0000000000000000     0x1c20 lab4.o
 .stab          0x0000000000001c20     0x1014 si4734.o
                                       0x120c (size before relaxing)
 .stab          0x0000000000002c34      0x660 twi_master.o
                                        0x87c (size before relaxing)
 .stab          0x0000000000003294      0x5d0 uart_functions.o
                                        0x7ec (size before relaxing)
 .stab          0x0000000000003864     0x11d0 hd44780.o
                                       0x13c8 (size before relaxing)
 .stab          0x0000000000004a34     0x20b8 music.o
                                       0x22a4 (size before relaxing)
 .stab          0x0000000000006aec      0x2dc lm73_functions.o
                                        0x4a4 (size before relaxing)

.stabstr        0x0000000000000000     0x1d7c
 *(.stabstr)
 .stabstr       0x0000000000000000     0x1d7c lab4.o

.stab.excl
 *(.stab.excl)

.stab.exclstr
 *(.stab.exclstr)

.stab.index
 *(.stab.index)

.stab.indexstr
 *(.stab.indexstr)

.comment        0x0000000000000000       0x11
 *(.comment)
 .comment       0x0000000000000000       0x11 lab4.o
                                         0x12 (size before relaxing)
 .comment       0x0000000000000011       0x12 si4734.o
 .comment       0x0000000000000011       0x12 twi_master.o
 .comment       0x0000000000000011       0x12 uart_functions.o
 .comment       0x0000000000000011       0x12 hd44780.o
 .comment       0x0000000000000011       0x12 music.o
 .comment       0x0000000000000011       0x12 lm73_functions.o

.note.gnu.avr.deviceinfo
                0x0000000000000000       0x3c
 .note.gnu.avr.deviceinfo
                0x0000000000000000       0x3c /usr/lib/gcc/avr/4.9.2/../../../avr/lib/avr51/crtatmega128.o

.note.gnu.build-id
 *(.note.gnu.build-id)

.debug
 *(.debug)

.line
 *(.line)

.debug_srcinfo
 *(.debug_srcinfo)

.debug_sfnames
 *(.debug_sfnames)

.debug_aranges
 *(.debug_aranges)

.debug_pubnames
 *(.debug_pubnames)

.debug_info
 *(.debug_info .gnu.linkonce.wi.*)

.debug_abbrev
 *(.debug_abbrev)

.debug_line
 *(.debug_line .debug_line.* .debug_line_end)

.debug_frame
 *(.debug_frame)

.debug_str
 *(.debug_str)

.debug_loc
 *(.debug_loc)

.debug_macinfo
 *(.debug_macinfo)

.debug_weaknames
 *(.debug_weaknames)

.debug_funcnames
 *(.debug_funcnames)

.debug_typenames
 *(.debug_typenames)

.debug_varnames
 *(.debug_varnames)

.debug_pubtypes
 *(.debug_pubtypes)

.debug_ranges
 *(.debug_ranges)

.debug_macro
 *(.debug_macro)
OUTPUT(lab4.elf elf32-avr)
LOAD linker stubs
